41.249.84.5 - - [16/Sep/2021:13:44:31 +0100] "POST /wp-admin/admin-ajax.php HTTP/2.0" 200 79 "https://www.vmachine.cloud/wp-admin/themes.php?page=starter-templates&ast-disable-activation-notice=&astra-site=id-17988&astra-page=id-34092" "Mozilla/5.0 (X11; Ubuntu; Linux x86_64; rv:92.0) Gecko/20100101 Firefox/92.0"
41.249.84.5 - - [16/Sep/2021:13:44:33 +0100] "POST /wp-admin/admin-ajax.php HTTP/2.0" 200 240 "https://www.vmachine.cloud/wp-admin/themes.php?page=starter-templates&ast-disable-activation-notice=&astra-site=id-17988&astra-page=id-34092" "Mozilla/5.0 (X11; Ubuntu; Linux x86_64; rv:92.0) Gecko/20100101 Firefox/92.0"
41.249.84.5 - - [16/Sep/2021:13:44:35 +0100] "POST /wp-admin/admin-ajax.php HTTP/2.0" 200 69 "https://www.vmachine.cloud/wp-admin/themes.php?page=starter-templates&ast-disable-activation-notice=&astra-site=id-17988&astra-page=id-34092" "Mozilla/5.0 (X11; Ubuntu; Linux x86_64; rv:92.0) Gecko/20100101 Firefox/92.0"
41.249.84.5 - - [16/Sep/2021:13:44:36 +0100] "POST /wp-admin/admin-ajax.php HTTP/2.0" 200 232 "https://www.vmachine.cloud/wp-admin/themes.php?page=starter-templates&ast-disable-activation-notice=&astra-site=id-17988&astra-page=id-34092" "Mozilla/5.0 (X11; Ubuntu; Linux x86_64; rv:92.0) Gecko/20100101 Firefox/92.0"
41.249.84.5 - - [16/Sep/2021:13:44:38 +0100] "POST /wp-admin/admin-ajax.php HTTP/2.0" 200 69 "https://www.vmachine.cloud/wp-admin/themes.php?page=starter-templates&ast-disable-activation-notice=&astra-site=id-17988&astra-page=id-34092" "Mozilla/5.0 (X11; Ubuntu; Linux x86_64; rv:92.0) Gecko/20100101 Firefox/92.0"
41.249.84.5 - - [16/Sep/2021:13:44:39 +0100] "POST /wp-admin/admin-ajax.php HTTP/2.0" 200 301 "https://www.vmachine.cloud/wp-admin/themes.php?page=starter-templates&ast-disable-activation-notice=&astra-site=id-17988&astra-page=id-34092" "Mozilla/5.0 (X11; Ubuntu; Linux x86_64; rv:92.0) Gecko/20100101 Firefox/92.0"
41.249.84.5 - - [16/Sep/2021:13:44:42 +0100] "POST /wp-admin/admin-ajax.php HTTP/2.0" 200 69 "https://www.vmachine.cloud/wp-admin/themes.php?page=starter-templates&ast-disable-activation-notice=&astra-site=id-17988&astra-page=id-34092" "Mozilla/5.0 (X11; Ubuntu; Linux x86_64; rv:92.0) Gecko/20100101 Firefox/92.0"
41.249.84.5 - - [16/Sep/2021:13:44:44 +0100] "POST /wp-admin/admin-ajax.php HTTP/2.0" 200 312 "https://www.vmachine.cloud/wp-admin/themes.php?page=starter-templates&ast-disable-activation-notice=&astra-site=id-17988&astra-page=id-34092" "Mozilla/5.0 (X11; Ubuntu; Linux x86_64; rv:92.0) Gecko/20100101 Firefox/92.0"
41.249.84.5 - - [16/Sep/2021:13:44:44 +0100] "POST /wp-admin/admin-ajax.php HTTP/2.0" 200 52 "https://www.vmachine.cloud/wp-admin/themes.php?page=starter-templates&ast-disable-activation-notice=&astra-site=id-17988&astra-page=id-34092" "Mozilla/5.0 (X11; Ubuntu; Linux x86_64; rv:92.0) Gecko/20100101 Firefox/92.0"
41.249.84.5 - - [16/Sep/2021:13:44:45 +0100] "POST /wp-admin/admin-ajax.php HTTP/2.0" 200 69 "https://www.vmachine.cloud/wp-admin/themes.php?page=starter-templates&ast-disable-activation-notice=&astra-site=id-17988&astra-page=id-34092" "Mozilla/5.0 (X11; Ubuntu; Linux x86_64; rv:92.0) Gecko/20100101 Firefox/92.0"
41.249.84.5 - - [16/Sep/2021:13:44:45 +0100] "POST /wp-admin/admin-ajax.php HTTP/2.0" 200 293 "https://www.vmachine.cloud/wp-admin/themes.php?page=starter-templates&ast-disable-activation-notice=&astra-site=id-17988&astra-page=id-34092" "Mozilla/5.0 (X11; Ubuntu; Linux x86_64; rv:92.0) Gecko/20100101 Firefox/92.0"
41.249.84.5 - - [16/Sep/2021:13:44:47 +0100] "POST /wp-admin/admin-ajax.php HTTP/2.0" 200 69 "https://www.vmachine.cloud/wp-admin/themes.php?page=starter-templates&ast-disable-activation-notice=&astra-site=id-17988&astra-page=id-34092" "Mozilla/5.0 (X11; Ubuntu; Linux x86_64; rv:92.0) Gecko/20100101 Firefox/92.0"
35.206.70.155 - - [16/Sep/2021:13:44:48 +0100] "POST /wp-cron.php?doing_wp_cron=1631796288.4920051097869873046875 HTTP/1.1" 200 0 "https://www.vmachine.cloud/wp-cron.php?doing_wp_cron=1631796288.4920051097869873046875" "WordPress/5.8.1; https://www.vmachine.cloud"
41.249.84.5 - - [16/Sep/2021:13:44:48 +0100] "POST /wp-admin/admin-ajax.php HTTP/2.0" 200 16 "https://www.vmachine.cloud/wp-admin/themes.php?page=starter-templates&ast-disable-activation-notice=&astra-site=id-17988&astra-page=id-34092" "Mozilla/5.0 (X11; Ubuntu; Linux x86_64; rv:92.0) Gecko/20100101 Firefox/92.0"
41.249.84.5 - - [16/Sep/2021:13:44:51 +0100] "POST /wp-admin/admin-ajax.php HTTP/2.0" 200 107 "https://www.vmachine.cloud/wp-admin/themes.php?page=starter-templates&ast-disable-activation-notice=&astra-site=id-17988&astra-page=id-34092" "Mozilla/5.0 (X11; Ubuntu; Linux x86_64; rv:92.0) Gecko/20100101 Firefox/92.0"
35.206.70.155 - - [16/Sep/2021:13:44:52 +0100] "POST /wp-admin/admin-ajax.php?action=wp_1_wc_privacy_cleanup&nonce=1315b73640 HTTP/1.1" 200 0 "https://www.vmachine.cloud/wp-admin/admin-ajax.php?action=wp_1_wc_privacy_cleanup&nonce=1315b73640" "WordPress/5.8.1; https://www.vmachine.cloud"
35.206.70.155 - - [16/Sep/2021:13:44:52 +0100] "POST /wp-cron.php?doing_wp_cron=1631796292.0757749080657958984375 HTTP/1.1" 200 0 "https://www.vmachine.cloud/wp-cron.php?doing_wp_cron=1631796292.0757749080657958984375" "WordPress/5.8.1; https://www.vmachine.cloud"
41.249.84.5 - - [16/Sep/2021:13:44:52 +0100] "POST /wp-admin/admin-ajax.php HTTP/2.0" 200 34 "https://www.vmachine.cloud/wp-admin/themes.php?page=starter-templates&ast-disable-activation-notice=&astra-site=id-17988&astra-page=id-34092" "Mozilla/5.0 (X11; Ubuntu; Linux x86_64; rv:92.0) Gecko/20100101 Firefox/92.0"
35.206.70.155 - - [16/Sep/2021:13:44:53 +0100] "POST /wp-cron.php?doing_wp_cron=1631796293.1142249107360839843750 HTTP/1.1" 200 0 "https://www.vmachine.cloud/wp-cron.php?doing_wp_cron=1631796293.1142249107360839843750" "WordPress/5.8.1; https://www.vmachine.cloud"
41.249.84.5 - - [16/Sep/2021:13:44:58 +0100] "POST /wp-admin/admin-ajax.php HTTP/2.0" 200 185116 "https://www.vmachine.cloud/wp-admin/themes.php?page=starter-templates&ast-disable-activation-notice=&astra-site=id-17988&astra-page=id-34092" "Mozilla/5.0 (X11; Ubuntu; Linux x86_64; rv:92.0) Gecko/20100101 Firefox/92.0"
41.249.84.5 - - [16/Sep/2021:13:45:03 +0100] "POST /wp-admin/admin-ajax.php HTTP/2.0" 200 47 "https://www.vmachine.cloud/wp-admin/themes.php?page=starter-templates&ast-disable-activation-notice=&astra-site=id-17988&astra-page=id-34092" "Mozilla/5.0 (X11; Ubuntu; Linux x86_64; rv:92.0) Gecko/20100101 Firefox/92.0"
41.249.84.5 - - [16/Sep/2021:13:45:06 +0100] "POST /wp-admin/admin-ajax.php HTTP/2.0" 200 428 "https://www.vmachine.cloud/wp-admin/themes.php?page=starter-templates&ast-disable-activation-notice=&astra-site=id-17988&astra-page=id-34092" "Mozilla/5.0 (X11; Ubuntu; Linux x86_64; rv:92.0) Gecko/20100101 Firefox/92.0"
41.249.84.5 - - [16/Sep/2021:13:46:06 +0100] "GET /wp-admin/admin-ajax.php?action=astra-wxr-import&id=1&_ajax_nonce=c8138cb9c1&xml_id=22 HTTP/2.0" 200 0 "https://www.vmachine.cloud/wp-admin/themes.php?page=starter-templates&ast-disable-activation-notice=&astra-site=id-17988&astra-page=id-34092" "Mozilla/5.0 (X11; Ubuntu; Linux x86_64; rv:92.0) Gecko/20100101 Firefox/92.0"
35.206.70.155 - - [16/Sep/2021:13:46:10 +0100] "POST /wp-cron.php?doing_wp_cron=1631796369.0158181190490722656250 HTTP/1.1" 499 0 "https://www.vmachine.cloud/wp-cron.php?doing_wp_cron=1631796369.0158181190490722656250" "WordPress/5.8.1; https://www.vmachine.cloud"
35.206.70.155 - - [16/Sep/2021:13:46:12 +0100] "POST /wp-admin/admin-ajax.php?action=as_async_request_queue_runner&nonce=73a404f124 HTTP/1.1" 499 0 "https://www.vmachine.cloud/wp-admin/admin-ajax.php?action=as_async_request_queue_runner&nonce=73a404f124" "WordPress/5.8.1; https://www.vmachine.cloud"
41.249.84.5 - - [16/Sep/2021:13:46:12 +0100] "POST /wp-admin/admin-ajax.php HTTP/2.0" 200 47 "https://www.vmachine.cloud/wp-admin/themes.php?page=starter-templates&ast-disable-activation-notice=&astra-site=id-17988&astra-page=id-34092" "Mozilla/5.0 (X11; Ubuntu; Linux x86_64; rv:92.0) Gecko/20100101 Firefox/92.0"
41.249.84.5 - - [16/Sep/2021:13:46:32 +0100] "POST /wp-admin/admin-ajax.php HTTP/2.0" 200 202719 "https://www.vmachine.cloud/wp-admin/themes.php?page=starter-templates&ast-disable-activation-notice=" "Mozilla/5.0 (X11; Ubuntu; Linux x86_64; rv:92.0) Gecko/20100101 Firefox/92.0"
41.249.84.5 - - [16/Sep/2021:13:46:35 +0100] "POST /wp-admin/admin-ajax.php HTTP/2.0" 200 625 "https://www.vmachine.cloud/wp-admin/themes.php?page=starter-templates&ast-disable-activation-notice=" "Mozilla/5.0 (X11; Ubuntu; Linux x86_64; rv:92.0) Gecko/20100101 Firefox/92.0"
35.206.70.155 - - [16/Sep/2021:13:46:55 +0100] "POST /wp-cron.php?doing_wp_cron=1631796415.1414101123809814453125 HTTP/1.1" 200 0 "https://www.vmachine.cloud/wp-cron.php?doing_wp_cron=1631796415.1414101123809814453125" "WordPress/5.8.1; https://www.vmachine.cloud"
41.249.84.5 - - [16/Sep/2021:13:46:55 +0100] "POST /wp-admin/admin-ajax.php HTTP/2.0" 200 700 "https://www.vmachine.cloud/wp-admin/themes.php?page=starter-templates&ast-disable-activation-notice=" "Mozilla/5.0 (X11; Ubuntu; Linux x86_64; rv:92.0) Gecko/20100101 Firefox/92.0"
41.249.84.5 - - [16/Sep/2021:13:46:57 +0100] "POST /wp-admin/admin-ajax.php HTTP/2.0" 200 107 "https://www.vmachine.cloud/wp-admin/themes.php?page=starter-templates&ast-disable-activation-notice=" "Mozilla/5.0 (X11; Ubuntu; Linux x86_64; rv:92.0) Gecko/20100101 Firefox/92.0"
41.249.84.5 - - [16/Sep/2021:13:46:58 +0100] "POST /wp-admin/admin-ajax.php HTTP/2.0" 200 34 "https://www.vmachine.cloud/wp-admin/themes.php?page=starter-templates&ast-disable-activation-notice=" "Mozilla/5.0 (X11; Ubuntu; Linux x86_64; rv:92.0) Gecko/20100101 Firefox/92.0"
41.249.84.5 - - [16/Sep/2021:13:47:03 +0100] "POST /wp-admin/admin-ajax.php HTTP/2.0" 200 185116 "https://www.vmachine.cloud/wp-admin/themes.php?page=starter-templates&ast-disable-activation-notice=" "Mozilla/5.0 (X11; Ubuntu; Linux x86_64; rv:92.0) Gecko/20100101 Firefox/92.0"
41.249.84.5 - - [16/Sep/2021:13:47:03 +0100] "POST /wp-admin/admin-ajax.php HTTP/2.0" 200 47 "https://www.vmachine.cloud/wp-admin/themes.php?page=starter-templates&ast-disable-activation-notice=" "Mozilla/5.0 (X11; Ubuntu; Linux x86_64; rv:92.0) Gecko/20100101 Firefox/92.0"
41.249.84.5 - - [16/Sep/2021:13:47:10 +0100] "POST /wp-admin/admin-ajax.php HTTP/2.0" 200 434 "https://www.vmachine.cloud/wp-admin/themes.php?page=starter-templates&ast-disable-activation-notice=" "Mozilla/5.0 (X11; Ubuntu; Linux x86_64; rv:92.0) Gecko/20100101 Firefox/92.0"
41.249.84.5 - - [16/Sep/2021:13:48:11 +0100] "GET /wp-admin/admin-ajax.php?action=astra-wxr-import&id=1&_ajax_nonce=c8138cb9c1&xml_id=2461 HTTP/2.0" 200 0 "https://www.vmachine.cloud/wp-admin/themes.php?page=starter-templates&ast-disable-activation-notice=" "Mozilla/5.0 (X11; Ubuntu; Linux x86_64; rv:92.0) Gecko/20100101 Firefox/92.0"
41.249.84.5 - - [16/Sep/2021:13:48:33 +0100] "POST /wp-admin/admin-ajax.php HTTP/2.0" 499 0 "https://www.vmachine.cloud/wp-admin/themes.php?page=starter-templates&ast-disable-activation-notice=" "Mozilla/5.0 (X11; Ubuntu; Linux x86_64; rv:92.0) Gecko/20100101 Firefox/92.0"
41.249.84.5 - - [16/Sep/2021:13:49:33 +0100] "POST /wp-admin/admin-ajax.php HTTP/2.0" 499 0 "https://www.vmachine.cloud/wp-admin/themes.php?page=starter-templates&ast-disable-activation-notice=" "Mozilla/5.0 (X11; Ubuntu; Linux x86_64; rv:92.0) Gecko/20100101 Firefox/92.0"
41.249.84.5 - - [16/Sep/2021:13:50:33 +0100] "POST /wp-admin/admin-ajax.php HTTP/2.0" 499 0 "https://www.vmachine.cloud/wp-admin/themes.php?page=starter-templates&ast-disable-activation-notice=" "Mozilla/5.0 (X11; Ubuntu; Linux x86_64; rv:92.0) Gecko/20100101 Firefox/92.0"
41.249.84.5 - - [16/Sep/2021:13:51:33 +0100] "POST /wp-admin/admin-ajax.php HTTP/2.0" 499 0 "https://www.vmachine.cloud/wp-admin/themes.php?page=starter-templates&ast-disable-activation-notice=" "Mozilla/5.0 (X11; Ubuntu; Linux x86_64; rv:92.0) Gecko/20100101 Firefox/92.0"
41.249.84.5 - - [16/Sep/2021:13:52:33 +0100] "POST /wp-admin/admin-ajax.php HTTP/2.0" 499 0 "https://www.vmachine.cloud/wp-admin/themes.php?page=starter-templates&ast-disable-activation-notice=" "Mozilla/5.0 (X11; Ubuntu; Linux x86_64; rv:92.0) Gecko/20100101 Firefox/92.0"
41.249.84.5 - - [16/Sep/2021:13:53:19 +0100] "POST /wp-admin/admin-ajax.php HTTP/2.0" 499 0 "https://www.vmachine.cloud/wp-admin/themes.php?page=starter-templates&ast-disable-activation-notice=" "Mozilla/5.0 (X11; Ubuntu; Linux x86_64; rv:92.0) Gecko/20100101 Firefox/92.0"
41.249.84.5 - - [16/Sep/2021:13:55:34 +0100] "POST /wp-admin/admin-ajax.php HTTP/2.0" 499 0 "https://www.vmachine.cloud/wp-admin/themes.php?page=starter-templates&ast-disable-activation-notice=" "Mozilla/5.0 (X11; Ubuntu; Linux x86_64; rv:92.0) Gecko/20100101 Firefox/92.0"
41.249.84.5 - - [16/Sep/2021:13:56:33 +0100] "POST /wp-admin/admin-ajax.php HTTP/2.0" 499 0 "https://www.vmachine.cloud/wp-admin/themes.php?page=starter-templates&ast-disable-activation-notice=" "Mozilla/5.0 (X11; Ubuntu; Linux x86_64; rv:92.0) Gecko/20100101 Firefox/92.0"
41.249.84.5 - - [16/Sep/2021:13:57:33 +0100] "POST /wp-admin/admin-ajax.php HTTP/2.0" 499 0 "https://www.vmachine.cloud/wp-admin/themes.php?page=starter-templates&ast-disable-activation-notice=" "Mozilla/5.0 (X11; Ubuntu; Linux x86_64; rv:92.0) Gecko/20100101 Firefox/92.0"
41.249.84.5 - - [16/Sep/2021:13:58:33 +0100] "POST /wp-admin/admin-ajax.php HTTP/2.0" 499 0 "https://www.vmachine.cloud/wp-admin/themes.php?page=starter-templates&ast-disable-activation-notice=" "Mozilla/5.0 (X11; Ubuntu; Linux x86_64; rv:92.0) Gecko/20100101 Firefox/92.0"
41.249.84.5 - - [16/Sep/2021:13:59:33 +0100] "POST /wp-admin/admin-ajax.php HTTP/2.0" 499 0 "https://www.vmachine.cloud/wp-admin/themes.php?page=starter-templates&ast-disable-activation-notice=" "Mozilla/5.0 (X11; Ubuntu; Linux x86_64; rv:92.0) Gecko/20100101 Firefox/92.0"
41.249.84.5 - - [16/Sep/2021:14:00:33 +0100] "POST /wp-admin/admin-ajax.php HTTP/2.0" 499 0 "https://www.vmachine.cloud/wp-admin/themes.php?page=starter-templates&ast-disable-activation-notice=" "Mozilla/5.0 (X11; Ubuntu; Linux x86_64; rv:92.0) Gecko/20100101 Firefox/92.0"
41.249.84.5 - - [16/Sep/2021:14:01:33 +0100] "POST /wp-admin/admin-ajax.php HTTP/2.0" 499 0 "https://www.vmachine.cloud/wp-admin/themes.php?page=starter-templates&ast-disable-activation-notice=" "Mozilla/5.0 (X11; Ubuntu; Linux x86_64; rv:92.0) Gecko/20100101 Firefox/92.0"
41.249.84.5 - - [16/Sep/2021:14:02:33 +0100] "POST /wp-admin/admin-ajax.php HTTP/2.0" 499 0 "https://www.vmachine.cloud/wp-admin/themes.php?page=starter-templates&ast-disable-activation-notice=" "Mozilla/5.0 (X11; Ubuntu; Linux x86_64; rv:92.0) Gecko/20100101 Firefox/92.0"
41.249.84.5 - - [16/Sep/2021:14:03:03 +0100] "POST /wp-admin/admin-ajax.php HTTP/2.0" 499 0 "https://www.vmachine.cloud/wp-admin/themes.php?page=starter-templates&ast-disable-activation-notice=" "Mozilla/5.0 (X11; Ubuntu; Linux x86_64; rv:92.0) Gecko/20100101 Firefox/92.0"
54.221.27.173 - - [16/Sep/2021:14:25:20 +0100] "GET / HTTP/1.1" 301 162 "-" "Mozilla/5.0 (Windows NT 10.0; Win64; x64) AppleWebKit/537.36 (KHTML, like Gecko) Chrome/88.0.4324.150 Safari/537.36"
117.54.158.210 - - [16/Sep/2021:14:25:20 +0100] "GET / HTTP/1.0" 301 162 "-" "-"
3.144.76.37 - - [16/Sep/2021:14:28:30 +0100] "GET / HTTP/1.1" 301 0 "-" "Mozilla/5.0 (Windows NT 6.2; WOW64) AppleWebKit/537.36 (KHTML, like Gecko) Chrome/27.0.1453.93 Safari/537.36"
185.59.246.208 - - [16/Sep/2021:14:42:49 +0100] "GET / HTTP/1.1" 301 162 "-" "Mozilla/5.0 (Windows NT 10.0; WOW64) AppleWebKit/537.36 (KHTML, like Gecko) Chrome/51.0.2704.103 Safari/537.36"
35.206.70.155 - - [16/Sep/2021:14:56:16 +0100] "POST /wp-cron.php?doing_wp_cron=1631800575.9261090755462646484375 HTTP/1.1" 200 0 "https://www.vmachine.cloud/wp-cron.php?doing_wp_cron=1631800575.9261090755462646484375" "WordPress/5.8.1; https://www.vmachine.cloud"
35.206.70.155 - - [16/Sep/2021:14:56:16 +0100] "POST /wp-cron.php?doing_wp_cron=1631800576.3855710029602050781250 HTTP/1.1" 200 0 "https://www.vmachine.cloud/wp-cron.php?doing_wp_cron=1631800576.3855710029602050781250" "WordPress/5.8.1; https://www.vmachine.cloud"
41.249.84.5 - - [16/Sep/2021:14:56:16 +0100] "GET / HTTP/2.0" 200 22160 "-" "Mozilla/5.0 (X11; Ubuntu; Linux x86_64; rv:92.0) Gecko/20100101 Firefox/92.0"
41.249.84.5 - - [16/Sep/2021:14:56:18 +0100] "GET /wp-includes/css/admin-bar.min.css?ver=5.8.1 HTTP/2.0" 200 3758 "https://www.vmachine.cloud/" "Mozilla/5.0 (X11; Ubuntu; Linux x86_64; rv:92.0) Gecko/20100101 Firefox/92.0"
41.249.84.5 - - [16/Sep/2021:14:56:19 +0100] "GET /wp-content/themes/astra/assets/css/minified/menu-animation.min.css?ver=3.7.2 HTTP/2.0" 200 379 "https://www.vmachine.cloud/" "Mozilla/5.0 (X11; Ubuntu; Linux x86_64; rv:92.0) Gecko/20100101 Firefox/92.0"
41.249.84.5 - - [16/Sep/2021:14:56:19 +0100] "GET /wp-content/themes/astra/assets/css/minified/frontend.min.css?ver=3.7.2 HTTP/2.0" 200 9171 "https://www.vmachine.cloud/" "Mozilla/5.0 (X11; Ubuntu; Linux x86_64; rv:92.0) Gecko/20100101 Firefox/92.0"
41.249.84.5 - - [16/Sep/2021:14:56:19 +0100] "GET /wp-includes/css/dashicons.min.css?ver=5.8.1 HTTP/2.0" 499 0 "https://www.vmachine.cloud/" "Mozilla/5.0 (X11; Ubuntu; Linux x86_64; rv:92.0) Gecko/20100101 Firefox/92.0"
41.249.84.5 - - [16/Sep/2021:14:56:19 +0100] "GET /wp-content/plugins/elementor/assets/css/common.min.css?ver=3.4.4 HTTP/2.0" 200 2693 "https://www.vmachine.cloud/" "Mozilla/5.0 (X11; Ubuntu; Linux x86_64; rv:92.0) Gecko/20100101 Firefox/92.0"
41.249.84.5 - - [16/Sep/2021:14:56:19 +0100] "GET /wp-includes/css/dist/block-library/style.min.css?ver=5.8.1 HTTP/2.0" 200 10523 "https://www.vmachine.cloud/" "Mozilla/5.0 (X11; Ubuntu; Linux x86_64; rv:92.0) Gecko/20100101 Firefox/92.0"
41.249.84.5 - - [16/Sep/2021:14:56:19 +0100] "GET /wp-content/plugins/elementor/assets/lib/eicons/css/elementor-icons.min.css?ver=5.12.0 HTTP/2.0" 200 3696 "https://www.vmachine.cloud/" "Mozilla/5.0 (X11; Ubuntu; Linux x86_64; rv:92.0) Gecko/20100101 Firefox/92.0"
41.249.84.5 - - [16/Sep/2021:14:56:22 +0100] "GET /wp-content/plugins/woocommerce/packages/woocommerce-blocks/build/wc-blocks-vendors-style.css?ver=5.5.1 HTTP/2.0" 200 1055 "https://www.vmachine.cloud/" "Mozilla/5.0 (X11; Ubuntu; Linux x86_64; rv:92.0) Gecko/20100101 Firefox/92.0"
41.249.84.5 - - [16/Sep/2021:14:56:22 +0100] "GET /wp-content/plugins/woocommerce/packages/woocommerce-blocks/build/wc-blocks-style.css?ver=5.5.1 HTTP/2.0" 200 19503 "https://www.vmachine.cloud/" "Mozilla/5.0 (X11; Ubuntu; Linux x86_64; rv:92.0) Gecko/20100101 Firefox/92.0"
41.249.84.5 - - [16/Sep/2021:14:56:22 +0100] "GET /wp-content/themes/astra/assets/css/minified/compatibility/woocommerce/woocommerce-layout.min.css?ver=3.7.2 HTTP/2.0" 200 2054 "https://www.vmachine.cloud/" "Mozilla/5.0 (X11; Ubuntu; Linux x86_64; rv:92.0) Gecko/20100101 Firefox/92.0"
41.249.84.5 - - [16/Sep/2021:14:56:22 +0100] "GET /wp-content/plugins/wpforms-lite/assets/css/admin-bar.min.css?ver=1.6.9 HTTP/2.0" 200 443 "https://www.vmachine.cloud/" "Mozilla/5.0 (X11; Ubuntu; Linux x86_64; rv:92.0) Gecko/20100101 Firefox/92.0"
41.249.84.5 - - [16/Sep/2021:14:56:22 +0100] "GET /wp-content/themes/astra/assets/js/minified/mobile-cart.min.js?ver=3.7.2 HTTP/2.0" 200 794 "https://www.vmachine.cloud/" "Mozilla/5.0 (X11; Ubuntu; Linux x86_64; rv:92.0) Gecko/20100101 Firefox/92.0"
41.249.84.5 - - [16/Sep/2021:14:56:22 +0100] "GET /wp-content/themes/astra/assets/js/minified/frontend.min.js?ver=3.7.2 HTTP/2.0" 200 3834 "https://www.vmachine.cloud/" "Mozilla/5.0 (X11; Ubuntu; Linux x86_64; rv:92.0) Gecko/20100101 Firefox/92.0"
41.249.84.5 - - [16/Sep/2021:14:56:22 +0100] "GET /wp-content/plugins/woocommerce/assets/js/frontend/woocommerce.min.js?ver=5.6.0 HTTP/2.0" 200 794 "https://www.vmachine.cloud/" "Mozilla/5.0 (X11; Ubuntu; Linux x86_64; rv:92.0) Gecko/20100101 Firefox/92.0"
41.249.84.5 - - [16/Sep/2021:14:56:22 +0100] "GET /wp-content/plugins/woocommerce/assets/js/frontend/add-to-cart.min.js?ver=5.6.0 HTTP/2.0" 200 1086 "https://www.vmachine.cloud/" "Mozilla/5.0 (X11; Ubuntu; Linux x86_64; rv:92.0) Gecko/20100101 Firefox/92.0"
41.249.84.5 - - [16/Sep/2021:14:56:22 +0100] "GET /wp-content/plugins/woocommerce/assets/js/js-cookie/js.cookie.min.js?ver=2.1.4-wc.5.6.0 HTTP/2.0" 200 982 "https://www.vmachine.cloud/" "Mozilla/5.0 (X11; Ubuntu; Linux x86_64; rv:92.0) Gecko/20100101 Firefox/92.0"
41.249.84.5 - - [16/Sep/2021:14:56:22 +0100] "GET /wp-content/plugins/woocommerce/assets/js/frontend/cart-fragments.min.js?ver=5.6.0 HTTP/2.0" 200 1039 "https://www.vmachine.cloud/" "Mozilla/5.0 (X11; Ubuntu; Linux x86_64; rv:92.0) Gecko/20100101 Firefox/92.0"
41.249.84.5 - - [16/Sep/2021:14:56:22 +0100] "GET /wp-content/plugins/woocommerce/assets/js/jquery-blockui/jquery.blockUI.min.js?ver=2.7.0-wc.5.6.0 HTTP/2.0" 200 3491 "https://www.vmachine.cloud/" "Mozilla/5.0 (X11; Ubuntu; Linux x86_64; rv:92.0) Gecko/20100101 Firefox/92.0"
41.249.84.5 - - [16/Sep/2021:14:56:22 +0100] "GET /wp-content/themes/astra/assets/css/minified/compatibility/woocommerce/woocommerce.min.css?ver=3.7.2 HTTP/2.0" 200 14825 "https://www.vmachine.cloud/" "Mozilla/5.0 (X11; Ubuntu; Linux x86_64; rv:92.0) Gecko/20100101 Firefox/92.0"
41.249.84.5 - - [16/Sep/2021:14:56:22 +0100] "GET /wp-includes/js/jquery/ui/core.min.js?ver=1.12.1 HTTP/2.0" 499 0 "https://www.vmachine.cloud/" "Mozilla/5.0 (X11; Ubuntu; Linux x86_64; rv:92.0) Gecko/20100101 Firefox/92.0"
41.249.84.5 - - [16/Sep/2021:14:56:22 +0100] "GET /wp-includes/js/jquery/ui/mouse.min.js?ver=1.12.1 HTTP/2.0" 499 0 "https://www.vmachine.cloud/" "Mozilla/5.0 (X11; Ubuntu; Linux x86_64; rv:92.0) Gecko/20100101 Firefox/92.0"
41.249.84.5 - - [16/Sep/2021:14:56:22 +0100] "GET /wp-includes/js/underscore.min.js?ver=1.13.1 HTTP/2.0" 499 0 "https://www.vmachine.cloud/" "Mozilla/5.0 (X11; Ubuntu; Linux x86_64; rv:92.0) Gecko/20100101 Firefox/92.0"
41.249.84.5 - - [16/Sep/2021:14:56:22 +0100] "GET /wp-content/plugins/elementor/assets/lib/backbone/backbone.radio.min.js?ver=1.0.4 HTTP/2.0" 200 1568 "https://www.vmachine.cloud/" "Mozilla/5.0 (X11; Ubuntu; Linux x86_64; rv:92.0) Gecko/20100101 Firefox/92.0"
41.249.84.5 - - [16/Sep/2021:14:56:22 +0100] "GET /wp-content/plugins/elementor/assets/lib/backbone/backbone.marionette.min.js?ver=2.4.5.e1 HTTP/2.0" 200 11502 "https://www.vmachine.cloud/" "Mozilla/5.0 (X11; Ubuntu; Linux x86_64; rv:92.0) Gecko/20100101 Firefox/92.0"
41.249.84.5 - - [16/Sep/2021:14:56:22 +0100] "GET /wp-content/plugins/elementor/assets/lib/dialog/dialog.min.js?ver=4.8.1 HTTP/2.0" 200 3510 "https://www.vmachine.cloud/" "Mozilla/5.0 (X11; Ubuntu; Linux x86_64; rv:92.0) Gecko/20100101 Firefox/92.0"
41.249.84.5 - - [16/Sep/2021:14:56:22 +0100] "GET /wp-includes/js/jquery/ui/draggable.min.js?ver=1.12.1 HTTP/2.0" 200 4826 "https://www.vmachine.cloud/" "Mozilla/5.0 (X11; Ubuntu; Linux x86_64; rv:92.0) Gecko/20100101 Firefox/92.0"
41.249.84.5 - - [16/Sep/2021:14:56:26 +0100] "GET /wp-content/plugins/elementor/assets/js/common-modules.min.js?ver=3.4.4 HTTP/2.0" 200 30185 "https://www.vmachine.cloud/" "Mozilla/5.0 (X11; Ubuntu; Linux x86_64; rv:92.0) Gecko/20100101 Firefox/92.0"
41.249.84.5 - - [16/Sep/2021:14:56:26 +0100] "GET /wp-content/plugins/elementor/assets/js/app-loader.min.js?ver=3.4.4 HTTP/2.0" 200 25415 "https://www.vmachine.cloud/" "Mozilla/5.0 (X11; Ubuntu; Linux x86_64; rv:92.0) Gecko/20100101 Firefox/92.0"
41.249.84.5 - - [16/Sep/2021:14:56:26 +0100] "GET /wp-content/plugins/elementor/assets/js/common.min.js?ver=3.4.4 HTTP/2.0" 200 45168 "https://www.vmachine.cloud/" "Mozilla/5.0 (X11; Ubuntu; Linux x86_64; rv:92.0) Gecko/20100101 Firefox/92.0"
41.249.84.5 - - [16/Sep/2021:14:56:26 +0100] "GET /wp-includes/js/wp-embed.min.js?ver=5.8.1 HTTP/2.0" 200 765 "https://www.vmachine.cloud/" "Mozilla/5.0 (X11; Ubuntu; Linux x86_64; rv:92.0) Gecko/20100101 Firefox/92.0"
41.249.84.5 - - [16/Sep/2021:14:56:29 +0100] "GET /wp-content/themes/astra/assets/css/minified/compatibility/woocommerce/woocommerce-smallscreen.min.css?ver=3.7.2 HTTP/2.0" 200 931 "https://www.vmachine.cloud/" "Mozilla/5.0 (X11; Ubuntu; Linux x86_64; rv:92.0) Gecko/20100101 Firefox/92.0"
41.249.84.5 - - [16/Sep/2021:14:56:29 +0100] "POST /?wc-ajax=get_refreshed_fragments HTTP/2.0" 200 853 "https://www.vmachine.cloud/" "Mozilla/5.0 (X11; Ubuntu; Linux x86_64; rv:92.0) Gecko/20100101 Firefox/92.0"
35.206.70.155 - - [16/Sep/2021:14:57:05 +0100] "POST /wp-cron.php?doing_wp_cron=1631800624.9172539710998535156250 HTTP/1.1" 200 0 "https://www.vmachine.cloud/wp-cron.php?doing_wp_cron=1631800624.9172539710998535156250" "WordPress/5.8.1; https://www.vmachine.cloud"
23.251.102.74 - - [16/Sep/2021:14:57:05 +0100] "GET / HTTP/1.1" 200 17509 "-" "Mozilla/5.0 (Windows NT 10.0; Win64; x64) AppleWebKit/537.36 (KHTML, like Gecko) Chrome/60.0.3112.113 Safari/537.36"
3.144.76.37 - - [16/Sep/2021:15:04:37 +0100] "GET / HTTP/1.1" 301 162 "-" "Mozilla/4.0 (compatible; MSIE 8.0; Windows NT 6.1; WOW64; Trident/4.0; SLCC2; Media Center PC 6.0; InfoPath.2; MS-RTC LM 8)"
35.206.70.155 - - [16/Sep/2021:15:04:39 +0100] "POST /wp-cron.php?doing_wp_cron=1631801078.8878300189971923828125 HTTP/1.1" 200 0 "https://www.vmachine.cloud/wp-cron.php?doing_wp_cron=1631801078.8878300189971923828125" "WordPress/5.8.1; https://www.vmachine.cloud"
3.144.76.37 - - [16/Sep/2021:15:04:39 +0100] "GET / HTTP/1.1" 301 0 "-" "Mozilla/4.0 (compatible; MSIE 8.0; Windows NT 6.1; WOW64; Trident/4.0; SLCC2; Media Center PC 6.0; InfoPath.2; MS-RTC LM 8)"
3.144.76.37 - - [16/Sep/2021:15:04:40 +0100] "GET / HTTP/1.1" 200 17504 "-" "Mozilla/4.0 (compatible; MSIE 8.0; Windows NT 6.1; WOW64; Trident/4.0; SLCC2; Media Center PC 6.0; InfoPath.2; MS-RTC LM 8)"
199.19.224.165 - - [16/Sep/2021:15:05:02 +0100] "GET /config/getuser?index=0 HTTP/1.1" 301 162 "-" "Mozilla/5.0 (X11; Ubuntu; Linux x86_64; rv:76.0) Gecko/20100101 Firefox/76.0"
190.187.237.150 - - [16/Sep/2021:15:05:18 +0100] "GET / HTTP/1.0" 301 162 "-" "-"
190.187.237.150 - - [16/Sep/2021:15:05:20 +0100] "GET / HTTP/1.0" 301 162 "-" "-"
181.214.209.126 - - [16/Sep/2021:15:05:32 +0100] "GET / HTTP/1.1" 301 162 "-" "Go-http-client/1.1"
172.102.130.28 - - [16/Sep/2021:15:05:33 +0100] "GET /favicon.ico HTTP/1.1" 404 242 "-" "Go-http-client/1.1"
185.150.85.6 - - [16/Sep/2021:15:05:33 +0100] "GET /favicon.ico HTTP/1.1" 301 162 "-" "Go-http-client/1.1"
191.101.85.230 - - [16/Sep/2021:15:05:34 +0100] "GET / HTTP/1.1" 301 0 "http://vmachine.cloud/" "Go-http-client/1.1"
179.61.167.83 - - [16/Sep/2021:15:05:36 +0100] "GET /favicon.ico HTTP/1.1" 404 242 "http://vmachine.cloud/favicon.ico" "Go-http-client/1.1"
191.101.93.205 - - [16/Sep/2021:15:05:37 +0100] "GET / HTTP/1.1" 301 0 "-" "Go-http-client/1.1"
77.90.171.197 - - [16/Sep/2021:15:05:37 +0100] "GET /favicon.ico HTTP/1.1" 301 162 "-" "Go-http-client/1.1"
84.22.149.125 - - [16/Sep/2021:15:05:38 +0100] "GET /favicon.ico HTTP/1.1" 404 242 "-" "Go-http-client/1.1"
35.206.70.155 - - [16/Sep/2021:15:05:40 +0100] "POST /wp-cron.php?doing_wp_cron=1631801140.0627779960632324218750 HTTP/1.1" 200 0 "https://www.vmachine.cloud/wp-cron.php?doing_wp_cron=1631801140.0627779960632324218750" "WordPress/5.8.1; https://www.vmachine.cloud"
191.101.93.205 - - [16/Sep/2021:15:05:40 +0100] "GET / HTTP/1.1" 301 0 "-" "Go-http-client/1.1"
84.22.148.136 - - [16/Sep/2021:15:05:41 +0100] "GET /favicon.ico HTTP/1.1" 404 242 "http://vmachine.cloud/favicon.ico" "Go-http-client/1.1"
213.209.139.36 - - [16/Sep/2021:15:05:41 +0100] "GET / HTTP/1.1" 200 17504 "https://vmachine.cloud/" "Go-http-client/1.1"
35.206.70.155 - - [16/Sep/2021:15:08:03 +0100] "POST /wp-cron.php?doing_wp_cron=1631801283.1633000373840332031250 HTTP/1.1" 200 0 "https://www.vmachine.cloud/wp-cron.php?doing_wp_cron=1631801283.1633000373840332031250" "WordPress/5.8.1; https://www.vmachine.cloud"
41.249.84.5 - - [16/Sep/2021:15:08:03 +0100] "GET / HTTP/2.0" 200 22201 "-" "Mozilla/5.0 (X11; Ubuntu; Linux x86_64; rv:92.0) Gecko/20100101 Firefox/92.0"
41.249.84.5 - - [16/Sep/2021:15:08:04 +0100] "GET /wp-content/themes/astra/assets/css/minified/frontend.min.css?ver=3.7.2 HTTP/2.0" 200 9171 "https://www.vmachine.cloud/" "Mozilla/5.0 (X11; Ubuntu; Linux x86_64; rv:92.0) Gecko/20100101 Firefox/92.0"
41.249.84.5 - - [16/Sep/2021:15:08:04 +0100] "GET /wp-content/themes/astra/assets/css/minified/menu-animation.min.css?ver=3.7.2 HTTP/2.0" 200 379 "https://www.vmachine.cloud/" "Mozilla/5.0 (X11; Ubuntu; Linux x86_64; rv:92.0) Gecko/20100101 Firefox/92.0"
41.249.84.5 - - [16/Sep/2021:15:08:04 +0100] "GET /wp-content/plugins/elementor/assets/lib/eicons/css/elementor-icons.min.css?ver=5.12.0 HTTP/2.0" 200 3696 "https://www.vmachine.cloud/" "Mozilla/5.0 (X11; Ubuntu; Linux x86_64; rv:92.0) Gecko/20100101 Firefox/92.0"
41.249.84.5 - - [16/Sep/2021:15:08:04 +0100] "GET /wp-content/plugins/elementor/assets/css/common.min.css?ver=3.4.4 HTTP/2.0" 200 2693 "https://www.vmachine.cloud/" "Mozilla/5.0 (X11; Ubuntu; Linux x86_64; rv:92.0) Gecko/20100101 Firefox/92.0"
41.249.84.5 - - [16/Sep/2021:15:08:04 +0100] "GET /wp-content/plugins/woocommerce/packages/woocommerce-blocks/build/wc-blocks-vendors-style.css?ver=5.5.1 HTTP/2.0" 200 1055 "https://www.vmachine.cloud/" "Mozilla/5.0 (X11; Ubuntu; Linux x86_64; rv:92.0) Gecko/20100101 Firefox/92.0"
41.249.84.5 - - [16/Sep/2021:15:08:04 +0100] "GET /wp-content/themes/astra/assets/css/minified/compatibility/woocommerce/woocommerce-layout.min.css?ver=3.7.2 HTTP/2.0" 200 2054 "https://www.vmachine.cloud/" "Mozilla/5.0 (X11; Ubuntu; Linux x86_64; rv:92.0) Gecko/20100101 Firefox/92.0"
41.249.84.5 - - [16/Sep/2021:15:08:04 +0100] "GET /wp-content/plugins/woocommerce/packages/woocommerce-blocks/build/wc-blocks-style.css?ver=5.5.1 HTTP/2.0" 200 19503 "https://www.vmachine.cloud/" "Mozilla/5.0 (X11; Ubuntu; Linux x86_64; rv:92.0) Gecko/20100101 Firefox/92.0"
41.249.84.5 - - [16/Sep/2021:15:08:04 +0100] "GET /wp-content/themes/astra/assets/css/minified/compatibility/woocommerce/woocommerce.min.css?ver=3.7.2 HTTP/2.0" 200 14825 "https://www.vmachine.cloud/" "Mozilla/5.0 (X11; Ubuntu; Linux x86_64; rv:92.0) Gecko/20100101 Firefox/92.0"
41.249.84.5 - - [16/Sep/2021:15:08:04 +0100] "GET /wp-content/plugins/wpforms-lite/assets/css/admin-bar.min.css?ver=1.6.9 HTTP/2.0" 200 443 "https://www.vmachine.cloud/" "Mozilla/5.0 (X11; Ubuntu; Linux x86_64; rv:92.0) Gecko/20100101 Firefox/92.0"
41.249.84.5 - - [16/Sep/2021:15:08:04 +0100] "GET /wp-includes/js/jquery/jquery.min.js?ver=3.6.0 HTTP/2.0" 200 30908 "https://www.vmachine.cloud/" "Mozilla/5.0 (X11; Ubuntu; Linux x86_64; rv:92.0) Gecko/20100101 Firefox/92.0"
41.249.84.5 - - [16/Sep/2021:15:08:04 +0100] "GET /wp-includes/js/hoverintent-js.min.js?ver=2.2.1 HTTP/2.0" 200 718 "https://www.vmachine.cloud/" "Mozilla/5.0 (X11; Ubuntu; Linux x86_64; rv:92.0) Gecko/20100101 Firefox/92.0"
41.249.84.5 - - [16/Sep/2021:15:08:04 +0100] "GET /wp-includes/js/admin-bar.min.js?ver=5.8.1 HTTP/2.0" 200 1391 "https://www.vmachine.cloud/" "Mozilla/5.0 (X11; Ubuntu; Linux x86_64; rv:92.0) Gecko/20100101 Firefox/92.0"
41.249.84.5 - - [16/Sep/2021:15:08:04 +0100] "GET /wp-includes/js/jquery/jquery-migrate.min.js?ver=3.3.2 HTTP/2.0" 200 4169 "https://www.vmachine.cloud/" "Mozilla/5.0 (X11; Ubuntu; Linux x86_64; rv:92.0) Gecko/20100101 Firefox/92.0"
41.249.84.5 - - [16/Sep/2021:15:08:04 +0100] "GET /wp-includes/js/wp-emoji-release.min.js?ver=5.8.1 HTTP/2.0" 200 4930 "https://www.vmachine.cloud/" "Mozilla/5.0 (X11; Ubuntu; Linux x86_64; rv:92.0) Gecko/20100101 Firefox/92.0"
41.249.84.5 - - [16/Sep/2021:15:08:04 +0100] "GET /wp-content/plugins/woocommerce/assets/js/frontend/add-to-cart.min.js?ver=5.6.0 HTTP/2.0" 200 1086 "https://www.vmachine.cloud/" "Mozilla/5.0 (X11; Ubuntu; Linux x86_64; rv:92.0) Gecko/20100101 Firefox/92.0"
41.249.84.5 - - [16/Sep/2021:15:08:04 +0100] "GET /wp-content/plugins/woocommerce/assets/js/js-cookie/js.cookie.min.js?ver=2.1.4-wc.5.6.0 HTTP/2.0" 200 982 "https://www.vmachine.cloud/" "Mozilla/5.0 (X11; Ubuntu; Linux x86_64; rv:92.0) Gecko/20100101 Firefox/92.0"
41.249.84.5 - - [16/Sep/2021:15:08:04 +0100] "GET /wp-content/themes/astra/assets/js/minified/frontend.min.js?ver=3.7.2 HTTP/2.0" 200 3834 "https://www.vmachine.cloud/" "Mozilla/5.0 (X11; Ubuntu; Linux x86_64; rv:92.0) Gecko/20100101 Firefox/92.0"
41.249.84.5 - - [16/Sep/2021:15:08:04 +0100] "GET /wp-content/plugins/woocommerce/assets/js/jquery-blockui/jquery.blockUI.min.js?ver=2.7.0-wc.5.6.0 HTTP/2.0" 200 3491 "https://www.vmachine.cloud/" "Mozilla/5.0 (X11; Ubuntu; Linux x86_64; rv:92.0) Gecko/20100101 Firefox/92.0"
41.249.84.5 - - [16/Sep/2021:15:08:04 +0100] "GET /wp-content/themes/astra/assets/js/minified/mobile-cart.min.js?ver=3.7.2 HTTP/2.0" 200 794 "https://www.vmachine.cloud/" "Mozilla/5.0 (X11; Ubuntu; Linux x86_64; rv:92.0) Gecko/20100101 Firefox/92.0"
41.249.84.5 - - [16/Sep/2021:15:08:04 +0100] "GET /wp-content/plugins/woocommerce/assets/js/frontend/cart-fragments.min.js?ver=5.6.0 HTTP/2.0" 200 1039 "https://www.vmachine.cloud/" "Mozilla/5.0 (X11; Ubuntu; Linux x86_64; rv:92.0) Gecko/20100101 Firefox/92.0"
41.249.84.5 - - [16/Sep/2021:15:08:04 +0100] "GET /wp-content/plugins/woocommerce/assets/js/frontend/woocommerce.min.js?ver=5.6.0 HTTP/2.0" 200 794 "https://www.vmachine.cloud/" "Mozilla/5.0 (X11; Ubuntu; Linux x86_64; rv:92.0) Gecko/20100101 Firefox/92.0"
41.249.84.5 - - [16/Sep/2021:15:08:04 +0100] "GET /wp-includes/js/jquery/ui/core.min.js?ver=1.12.1 HTTP/2.0" 200 6865 "https://www.vmachine.cloud/" "Mozilla/5.0 (X11; Ubuntu; Linux x86_64; rv:92.0) Gecko/20100101 Firefox/92.0"
41.249.84.5 - - [16/Sep/2021:15:08:04 +0100] "GET /wp-includes/js/jquery/ui/mouse.min.js?ver=1.12.1 HTTP/2.0" 200 1070 "https://www.vmachine.cloud/" "Mozilla/5.0 (X11; Ubuntu; Linux x86_64; rv:92.0) Gecko/20100101 Firefox/92.0"
41.249.84.5 - - [16/Sep/2021:15:08:05 +0100] "GET /wp-includes/js/jquery/ui/draggable.min.js?ver=1.12.1 HTTP/2.0" 200 4826 "https://www.vmachine.cloud/" "Mozilla/5.0 (X11; Ubuntu; Linux x86_64; rv:92.0) Gecko/20100101 Firefox/92.0"
41.249.84.5 - - [16/Sep/2021:15:08:05 +0100] "GET /wp-includes/js/underscore.min.js?ver=1.13.1 HTTP/2.0" 200 7319 "https://www.vmachine.cloud/" "Mozilla/5.0 (X11; Ubuntu; Linux x86_64; rv:92.0) Gecko/20100101 Firefox/92.0"
41.249.84.5 - - [16/Sep/2021:15:08:05 +0100] "GET /wp-content/plugins/elementor/assets/lib/backbone/backbone.radio.min.js?ver=1.0.4 HTTP/2.0" 200 1568 "https://www.vmachine.cloud/" "Mozilla/5.0 (X11; Ubuntu; Linux x86_64; rv:92.0) Gecko/20100101 Firefox/92.0"
41.249.84.5 - - [16/Sep/2021:15:08:05 +0100] "GET /wp-content/plugins/elementor/assets/lib/backbone/backbone.marionette.min.js?ver=2.4.5.e1 HTTP/2.0" 200 11502 "https://www.vmachine.cloud/" "Mozilla/5.0 (X11; Ubuntu; Linux x86_64; rv:92.0) Gecko/20100101 Firefox/92.0"
41.249.84.5 - - [16/Sep/2021:15:08:05 +0100] "GET /wp-includes/js/api-request.min.js?ver=5.8.1 HTTP/2.0" 200 589 "https://www.vmachine.cloud/" "Mozilla/5.0 (X11; Ubuntu; Linux x86_64; rv:92.0) Gecko/20100101 Firefox/92.0"
41.249.84.5 - - [16/Sep/2021:15:08:05 +0100] "GET /wp-includes/js/dist/hooks.min.js?ver=a7edae857aab69d69fa10d5aef23a5de HTTP/2.0" 200 1790 "https://www.vmachine.cloud/" "Mozilla/5.0 (X11; Ubuntu; Linux x86_64; rv:92.0) Gecko/20100101 Firefox/92.0"
41.249.84.5 - - [16/Sep/2021:15:08:05 +0100] "GET /wp-includes/js/dist/vendor/regenerator-runtime.min.js?ver=0.13.7 HTTP/2.0" 200 2398 "https://www.vmachine.cloud/" "Mozilla/5.0 (X11; Ubuntu; Linux x86_64; rv:92.0) Gecko/20100101 Firefox/92.0"
41.249.84.5 - - [16/Sep/2021:15:08:05 +0100] "GET /wp-includes/js/dist/vendor/wp-polyfill.min.js?ver=3.15.0 HTTP/2.0" 200 6031 "https://www.vmachine.cloud/" "Mozilla/5.0 (X11; Ubuntu; Linux x86_64; rv:92.0) Gecko/20100101 Firefox/92.0"
41.249.84.5 - - [16/Sep/2021:15:08:05 +0100] "GET /wp-content/plugins/elementor/assets/lib/dialog/dialog.min.js?ver=4.8.1 HTTP/2.0" 200 3510 "https://www.vmachine.cloud/" "Mozilla/5.0 (X11; Ubuntu; Linux x86_64; rv:92.0) Gecko/20100101 Firefox/92.0"
41.249.84.5 - - [16/Sep/2021:15:08:05 +0100] "GET /wp-content/plugins/elementor/assets/js/common-modules.min.js?ver=3.4.4 HTTP/2.0" 200 30185 "https://www.vmachine.cloud/" "Mozilla/5.0 (X11; Ubuntu; Linux x86_64; rv:92.0) Gecko/20100101 Firefox/92.0"
41.249.84.5 - - [16/Sep/2021:15:08:05 +0100] "GET /wp-includes/js/dist/i18n.min.js?ver=5f1269854226b4dd90450db411a12b79 HTTP/2.0" 200 3858 "https://www.vmachine.cloud/" "Mozilla/5.0 (X11; Ubuntu; Linux x86_64; rv:92.0) Gecko/20100101 Firefox/92.0"
41.249.84.5 - - [16/Sep/2021:15:08:05 +0100] "GET /wp-includes/js/wp-embed.min.js?ver=5.8.1 HTTP/2.0" 200 765 "https://www.vmachine.cloud/" "Mozilla/5.0 (X11; Ubuntu; Linux x86_64; rv:92.0) Gecko/20100101 Firefox/92.0"
41.249.84.5 - - [16/Sep/2021:15:08:05 +0100] "GET /wp-content/plugins/elementor/assets/js/app-loader.min.js?ver=3.4.4 HTTP/2.0" 200 25415 "https://www.vmachine.cloud/" "Mozilla/5.0 (X11; Ubuntu; Linux x86_64; rv:92.0) Gecko/20100101 Firefox/92.0"
41.249.84.5 - - [16/Sep/2021:15:08:05 +0100] "GET /wp-includes/js/backbone.min.js?ver=1.4.0 HTTP/2.0" 200 7887 "https://www.vmachine.cloud/" "Mozilla/5.0 (X11; Ubuntu; Linux x86_64; rv:92.0) Gecko/20100101 Firefox/92.0"
41.249.84.5 - - [16/Sep/2021:15:08:05 +0100] "GET /wp-content/plugins/elementor/assets/js/common.min.js?ver=3.4.4 HTTP/2.0" 200 45168 "https://www.vmachine.cloud/" "Mozilla/5.0 (X11; Ubuntu; Linux x86_64; rv:92.0) Gecko/20100101 Firefox/92.0"
41.249.84.5 - - [16/Sep/2021:15:08:05 +0100] "GET /wp-content/themes/astra/assets/css/minified/compatibility/woocommerce/woocommerce-smallscreen.min.css?ver=3.7.2 HTTP/2.0" 200 931 "https://www.vmachine.cloud/" "Mozilla/5.0 (X11; Ubuntu; Linux x86_64; rv:92.0) Gecko/20100101 Firefox/92.0"
41.249.84.5 - - [16/Sep/2021:15:08:06 +0100] "GET /favicon.ico HTTP/2.0" 404 235 "https://www.vmachine.cloud/" "Mozilla/5.0 (X11; Ubuntu; Linux x86_64; rv:92.0) Gecko/20100101 Firefox/92.0"
41.249.84.5 - - [16/Sep/2021:15:08:06 +0100] "GET /wp-admin/install.php HTTP/2.0" 499 0 "https://www.vmachine.cloud/" "Mozilla/5.0 (X11; Ubuntu; Linux x86_64; rv:92.0) Gecko/20100101 Firefox/92.0"
41.249.84.5 - - [16/Sep/2021:15:08:08 +0100] "GET / HTTP/2.0" 200 22201 "-" "Mozilla/5.0 (X11; Ubuntu; Linux x86_64; rv:92.0) Gecko/20100101 Firefox/92.0"
41.249.84.5 - - [16/Sep/2021:15:08:08 +0100] "GET /wp-includes/js/jquery/jquery-migrate.min.js?ver=3.3.2 HTTP/2.0" 200 4169 "https://www.vmachine.cloud/" "Mozilla/5.0 (X11; Ubuntu; Linux x86_64; rv:92.0) Gecko/20100101 Firefox/92.0"
41.249.84.5 - - [16/Sep/2021:15:08:08 +0100] "GET /wp-includes/js/wp-emoji-release.min.js?ver=5.8.1 HTTP/2.0" 200 4930 "https://www.vmachine.cloud/" "Mozilla/5.0 (X11; Ubuntu; Linux x86_64; rv:92.0) Gecko/20100101 Firefox/92.0"
41.249.84.5 - - [16/Sep/2021:15:08:08 +0100] "GET /wp-includes/js/jquery/jquery.min.js?ver=3.6.0 HTTP/2.0" 200 30908 "https://www.vmachine.cloud/" "Mozilla/5.0 (X11; Ubuntu; Linux x86_64; rv:92.0) Gecko/20100101 Firefox/92.0"
41.249.84.5 - - [16/Sep/2021:15:08:09 +0100] "GET /wp-includes/js/admin-bar.min.js?ver=5.8.1 HTTP/2.0" 200 1391 "https://www.vmachine.cloud/" "Mozilla/5.0 (X11; Ubuntu; Linux x86_64; rv:92.0) Gecko/20100101 Firefox/92.0"
41.249.84.5 - - [16/Sep/2021:15:08:09 +0100] "GET /wp-content/themes/astra/assets/js/minified/mobile-cart.min.js?ver=3.7.2 HTTP/2.0" 200 794 "https://www.vmachine.cloud/" "Mozilla/5.0 (X11; Ubuntu; Linux x86_64; rv:92.0) Gecko/20100101 Firefox/92.0"
41.249.84.5 - - [16/Sep/2021:15:08:09 +0100] "GET /wp-content/plugins/woocommerce/assets/js/jquery-blockui/jquery.blockUI.min.js?ver=2.7.0-wc.5.6.0 HTTP/2.0" 200 3491 "https://www.vmachine.cloud/" "Mozilla/5.0 (X11; Ubuntu; Linux x86_64; rv:92.0) Gecko/20100101 Firefox/92.0"
41.249.84.5 - - [16/Sep/2021:15:08:09 +0100] "GET /wp-includes/js/hoverintent-js.min.js?ver=2.2.1 HTTP/2.0" 200 718 "https://www.vmachine.cloud/" "Mozilla/5.0 (X11; Ubuntu; Linux x86_64; rv:92.0) Gecko/20100101 Firefox/92.0"
41.249.84.5 - - [16/Sep/2021:15:08:09 +0100] "GET /wp-content/themes/astra/assets/js/minified/frontend.min.js?ver=3.7.2 HTTP/2.0" 200 3834 "https://www.vmachine.cloud/" "Mozilla/5.0 (X11; Ubuntu; Linux x86_64; rv:92.0) Gecko/20100101 Firefox/92.0"
41.249.84.5 - - [16/Sep/2021:15:08:09 +0100] "GET /wp-content/plugins/woocommerce/assets/js/js-cookie/js.cookie.min.js?ver=2.1.4-wc.5.6.0 HTTP/2.0" 200 982 "https://www.vmachine.cloud/" "Mozilla/5.0 (X11; Ubuntu; Linux x86_64; rv:92.0) Gecko/20100101 Firefox/92.0"
41.249.84.5 - - [16/Sep/2021:15:08:09 +0100] "GET /wp-content/plugins/woocommerce/assets/js/frontend/add-to-cart.min.js?ver=5.6.0 HTTP/2.0" 200 1086 "https://www.vmachine.cloud/" "Mozilla/5.0 (X11; Ubuntu; Linux x86_64; rv:92.0) Gecko/20100101 Firefox/92.0"
41.249.84.5 - - [16/Sep/2021:15:08:09 +0100] "GET /wp-content/plugins/woocommerce/assets/js/frontend/woocommerce.min.js?ver=5.6.0 HTTP/2.0" 200 794 "https://www.vmachine.cloud/" "Mozilla/5.0 (X11; Ubuntu; Linux x86_64; rv:92.0) Gecko/20100101 Firefox/92.0"
41.249.84.5 - - [16/Sep/2021:15:08:09 +0100] "GET /wp-includes/js/jquery/ui/mouse.min.js?ver=1.12.1 HTTP/2.0" 200 1070 "https://www.vmachine.cloud/" "Mozilla/5.0 (X11; Ubuntu; Linux x86_64; rv:92.0) Gecko/20100101 Firefox/92.0"
41.249.84.5 - - [16/Sep/2021:15:08:09 +0100] "GET /wp-includes/js/jquery/ui/core.min.js?ver=1.12.1 HTTP/2.0" 200 6865 "https://www.vmachine.cloud/" "Mozilla/5.0 (X11; Ubuntu; Linux x86_64; rv:92.0) Gecko/20100101 Firefox/92.0"
41.249.84.5 - - [16/Sep/2021:15:08:09 +0100] "GET /wp-includes/js/jquery/ui/draggable.min.js?ver=1.12.1 HTTP/2.0" 200 4826 "https://www.vmachine.cloud/" "Mozilla/5.0 (X11; Ubuntu; Linux x86_64; rv:92.0) Gecko/20100101 Firefox/92.0"
41.249.84.5 - - [16/Sep/2021:15:08:09 +0100] "GET /wp-includes/js/backbone.min.js?ver=1.4.0 HTTP/2.0" 200 7887 "https://www.vmachine.cloud/" "Mozilla/5.0 (X11; Ubuntu; Linux x86_64; rv:92.0) Gecko/20100101 Firefox/92.0"
41.249.84.5 - - [16/Sep/2021:15:08:09 +0100] "GET /wp-content/plugins/woocommerce/assets/js/frontend/cart-fragments.min.js?ver=5.6.0 HTTP/2.0" 200 1039 "https://www.vmachine.cloud/" "Mozilla/5.0 (X11; Ubuntu; Linux x86_64; rv:92.0) Gecko/20100101 Firefox/92.0"
41.249.84.5 - - [16/Sep/2021:15:08:09 +0100] "GET /wp-includes/js/underscore.min.js?ver=1.13.1 HTTP/2.0" 200 7319 "https://www.vmachine.cloud/" "Mozilla/5.0 (X11; Ubuntu; Linux x86_64; rv:92.0) Gecko/20100101 Firefox/92.0"
41.249.84.5 - - [16/Sep/2021:15:08:09 +0100] "GET /wp-content/plugins/elementor/assets/lib/backbone/backbone.marionette.min.js?ver=2.4.5.e1 HTTP/2.0" 200 11502 "https://www.vmachine.cloud/" "Mozilla/5.0 (X11; Ubuntu; Linux x86_64; rv:92.0) Gecko/20100101 Firefox/92.0"
41.249.84.5 - - [16/Sep/2021:15:08:10 +0100] "GET /wp-content/plugins/elementor/assets/lib/backbone/backbone.radio.min.js?ver=1.0.4 HTTP/2.0" 200 1568 "https://www.vmachine.cloud/" "Mozilla/5.0 (X11; Ubuntu; Linux x86_64; rv:92.0) Gecko/20100101 Firefox/92.0"
41.249.84.5 - - [16/Sep/2021:15:08:10 +0100] "GET /wp-includes/js/api-request.min.js?ver=5.8.1 HTTP/2.0" 200 589 "https://www.vmachine.cloud/" "Mozilla/5.0 (X11; Ubuntu; Linux x86_64; rv:92.0) Gecko/20100101 Firefox/92.0"
41.249.84.5 - - [16/Sep/2021:15:08:10 +0100] "GET /wp-content/plugins/elementor/assets/lib/dialog/dialog.min.js?ver=4.8.1 HTTP/2.0" 200 3510 "https://www.vmachine.cloud/" "Mozilla/5.0 (X11; Ubuntu; Linux x86_64; rv:92.0) Gecko/20100101 Firefox/92.0"
41.249.84.5 - - [16/Sep/2021:15:08:10 +0100] "GET /wp-includes/js/dist/vendor/regenerator-runtime.min.js?ver=0.13.7 HTTP/2.0" 200 2398 "https://www.vmachine.cloud/" "Mozilla/5.0 (X11; Ubuntu; Linux x86_64; rv:92.0) Gecko/20100101 Firefox/92.0"
41.249.84.5 - - [16/Sep/2021:15:08:10 +0100] "GET /wp-includes/js/dist/vendor/wp-polyfill.min.js?ver=3.15.0 HTTP/2.0" 200 6031 "https://www.vmachine.cloud/" "Mozilla/5.0 (X11; Ubuntu; Linux x86_64; rv:92.0) Gecko/20100101 Firefox/92.0"
41.249.84.5 - - [16/Sep/2021:15:08:10 +0100] "GET /wp-includes/js/dist/hooks.min.js?ver=a7edae857aab69d69fa10d5aef23a5de HTTP/2.0" 200 1790 "https://www.vmachine.cloud/" "Mozilla/5.0 (X11; Ubuntu; Linux x86_64; rv:92.0) Gecko/20100101 Firefox/92.0"
41.249.84.5 - - [16/Sep/2021:15:08:10 +0100] "GET /wp-includes/js/dist/i18n.min.js?ver=5f1269854226b4dd90450db411a12b79 HTTP/2.0" 200 3858 "https://www.vmachine.cloud/" "Mozilla/5.0 (X11; Ubuntu; Linux x86_64; rv:92.0) Gecko/20100101 Firefox/92.0"
41.249.84.5 - - [16/Sep/2021:15:08:10 +0100] "GET /wp-content/plugins/elementor/assets/js/common-modules.min.js?ver=3.4.4 HTTP/2.0" 200 30185 "https://www.vmachine.cloud/" "Mozilla/5.0 (X11; Ubuntu; Linux x86_64; rv:92.0) Gecko/20100101 Firefox/92.0"
41.249.84.5 - - [16/Sep/2021:15:08:10 +0100] "GET /wp-includes/js/wp-embed.min.js?ver=5.8.1 HTTP/2.0" 200 765 "https://www.vmachine.cloud/" "Mozilla/5.0 (X11; Ubuntu; Linux x86_64; rv:92.0) Gecko/20100101 Firefox/92.0"
41.249.84.5 - - [16/Sep/2021:15:08:10 +0100] "GET /wp-content/plugins/elementor/assets/js/app-loader.min.js?ver=3.4.4 HTTP/2.0" 200 25415 "https://www.vmachine.cloud/" "Mozilla/5.0 (X11; Ubuntu; Linux x86_64; rv:92.0) Gecko/20100101 Firefox/92.0"
41.249.84.5 - - [16/Sep/2021:15:08:10 +0100] "GET /wp-content/plugins/elementor/assets/js/common.min.js?ver=3.4.4 HTTP/2.0" 200 45168 "https://www.vmachine.cloud/" "Mozilla/5.0 (X11; Ubuntu; Linux x86_64; rv:92.0) Gecko/20100101 Firefox/92.0"
41.249.84.5 - - [16/Sep/2021:15:08:11 +0100] "GET /wp-admin/install.php HTTP/2.0" 499 0 "https://www.vmachine.cloud/" "Mozilla/5.0 (X11; Ubuntu; Linux x86_64; rv:92.0) Gecko/20100101 Firefox/92.0"
35.206.70.155 - - [16/Sep/2021:15:08:56 +0100] "POST /wp-cron.php?doing_wp_cron=1631801336.2922549247741699218750 HTTP/1.1" 200 0 "https://www.vmachine.cloud/wp-cron.php?doing_wp_cron=1631801336.2922549247741699218750" "WordPress/5.8.1; https://www.vmachine.cloud"
35.206.70.155 - - [16/Sep/2021:15:08:57 +0100] "POST /wp-cron.php?doing_wp_cron=1631801337.4467809200286865234375 HTTP/1.1" 200 0 "https://www.vmachine.cloud/wp-cron.php?doing_wp_cron=1631801337.4467809200286865234375" "WordPress/5.8.1; https://www.vmachine.cloud"
35.206.70.155 - - [16/Sep/2021:15:08:58 +0100] "POST /wp-cron.php?doing_wp_cron=1631801337.8928720951080322265625 HTTP/1.1" 500 2565 "https://www.vmachine.cloud/wp-cron.php?doing_wp_cron=1631801337.8928720951080322265625" "WordPress/5.8.1; https://www.vmachine.cloud"
35.206.70.155 - - [16/Sep/2021:15:08:58 +0100] "POST /wp-admin/admin-ajax.php?action=wp_cartflows_sync_library&nonce=6452702ff5 HTTP/1.1" 200 0 "https://www.vmachine.cloud/wp-admin/admin-ajax.php?action=wp_cartflows_sync_library&nonce=6452702ff5" "WordPress/5.8.1; https://www.vmachine.cloud"
41.249.84.5 - - [16/Sep/2021:15:08:59 +0100] "GET /wp-admin/ HTTP/2.0" 200 43174 "https://www.vmachine.cloud/" "Mozilla/5.0 (X11; Ubuntu; Linux x86_64; rv:92.0) Gecko/20100101 Firefox/92.0"
41.249.84.5 - - [16/Sep/2021:15:08:59 +0100] "GET /wp-content/plugins/elementor/assets/css/admin.min.css?ver=3.4.4 HTTP/2.0" 200 6908 "https://www.vmachine.cloud/wp-admin/" "Mozilla/5.0 (X11; Ubuntu; Linux x86_64; rv:92.0) Gecko/20100101 Firefox/92.0"
41.249.84.5 - - [16/Sep/2021:15:08:59 +0100] "GET /wp-includes/js/mediaelement/mediaelementplayer-legacy.min.css?ver=4.2.16 HTTP/2.0" 200 2592 "https://www.vmachine.cloud/wp-admin/" "Mozilla/5.0 (X11; Ubuntu; Linux x86_64; rv:92.0) Gecko/20100101 Firefox/92.0"
41.249.84.5 - - [16/Sep/2021:15:08:59 +0100] "GET /wp-admin/load-styles.php?c=0&dir=ltr&load%5Bchunk_0%5D=dashicons,admin-bar,site-health,common,forms,admin-menu,dashboard,list-tables,edit,revisions,media,themes,about,nav-menus,wp-poi&load%5Bchunk_1%5D=nter,widgets,site-icon,l10n,buttons,wp-auth-check,media-views&ver=5.8.1 HTTP/2.0" 200 106271 "https://www.vmachine.cloud/wp-admin/" "Mozilla/5.0 (X11; Ubuntu; Linux x86_64; rv:92.0) Gecko/20100101 Firefox/92.0"
41.249.84.5 - - [16/Sep/2021:15:08:59 +0100] "GET /wp-content/plugins/woocommerce/assets/css/menu.css?ver=5.6.0 HTTP/2.0" 200 1325 "https://www.vmachine.cloud/wp-admin/" "Mozilla/5.0 (X11; Ubuntu; Linux x86_64; rv:92.0) Gecko/20100101 Firefox/92.0"
41.249.84.5 - - [16/Sep/2021:15:08:59 +0100] "GET /wp-includes/js/mediaelement/wp-mediaelement.min.css?ver=5.8.1 HTTP/2.0" 200 1156 "https://www.vmachine.cloud/wp-admin/" "Mozilla/5.0 (X11; Ubuntu; Linux x86_64; rv:92.0) Gecko/20100101 Firefox/92.0"
41.249.84.5 - - [16/Sep/2021:15:08:59 +0100] "GET /wp-content/plugins/wpforms-lite/assets/css/dashboard-widget.min.css?ver=1.6.9 HTTP/2.0" 200 1572 "https://www.vmachine.cloud/wp-admin/" "Mozilla/5.0 (X11; Ubuntu; Linux x86_64; rv:92.0) Gecko/20100101 Firefox/92.0"
41.249.84.5 - - [16/Sep/2021:15:08:59 +0100] "GET /wp-includes/js/imgareaselect/imgareaselect.css?ver=0.9.8 HTTP/2.0" 200 265 "https://www.vmachine.cloud/wp-admin/" "Mozilla/5.0 (X11; Ubuntu; Linux x86_64; rv:92.0) Gecko/20100101 Firefox/92.0"
41.249.84.5 - - [16/Sep/2021:15:08:59 +0100] "GET /wp-content/plugins/woocommerce/assets/css/dashboard.css?ver=5.6.0 HTTP/2.0" 200 1342 "https://www.vmachine.cloud/wp-admin/" "Mozilla/5.0 (X11; Ubuntu; Linux x86_64; rv:92.0) Gecko/20100101 Firefox/92.0"
41.249.84.5 - - [16/Sep/2021:15:08:59 +0100] "GET /wp-content/plugins/woocommerce/assets/js/admin/reports.min.js?ver=5.6.0 HTTP/2.0" 200 1355 "https://www.vmachine.cloud/wp-admin/" "Mozilla/5.0 (X11; Ubuntu; Linux x86_64; rv:92.0) Gecko/20100101 Firefox/92.0"
41.249.84.5 - - [16/Sep/2021:15:08:59 +0100] "GET /wp-content/plugins/woocommerce/assets/css/activation.css?ver=5.6.0 HTTP/2.0" 200 508 "https://www.vmachine.cloud/wp-admin/" "Mozilla/5.0 (X11; Ubuntu; Linux x86_64; rv:92.0) Gecko/20100101 Firefox/92.0"
41.249.84.5 - - [16/Sep/2021:15:08:59 +0100] "GET /wp-includes/js/jquery/ui/datepicker.min.js?ver=1.12.1 HTTP/2.0" 200 10743 "https://www.vmachine.cloud/wp-admin/" "Mozilla/5.0 (X11; Ubuntu; Linux x86_64; rv:92.0) Gecko/20100101 Firefox/92.0"
41.249.84.5 - - [16/Sep/2021:15:08:59 +0100] "GET /wp-content/plugins/woocommerce/assets/js/jquery-flot/jquery.flot.time.min.js?ver=5.6.0 HTTP/2.0" 200 1842 "https://www.vmachine.cloud/wp-admin/" "Mozilla/5.0 (X11; Ubuntu; Linux x86_64; rv:92.0) Gecko/20100101 Firefox/92.0"
