41.249.84.5 - - [16/Sep/2021:19:08:46 +0100] "POST /wp-admin/admin-ajax.php HTTP/2.0" 200 202719 "https://www.vmachine.cloud/wp-admin/themes.php?page=starter-templates&ast-disable-activation-notice=&astra-site=id-17988&astra-page=id-34092" "Mozilla/5.0 (X11; Ubuntu; Linux x86_64; rv:92.0) Gecko/20100101 Firefox/92.0"
41.249.84.5 - - [16/Sep/2021:19:08:49 +0100] "POST /wp-admin/admin-ajax.php HTTP/2.0" 200 625 "https://www.vmachine.cloud/wp-admin/themes.php?page=starter-templates&ast-disable-activation-notice=&astra-site=id-17988&astra-page=id-34092" "Mozilla/5.0 (X11; Ubuntu; Linux x86_64; rv:92.0) Gecko/20100101 Firefox/92.0"
41.249.84.5 - - [16/Sep/2021:19:08:54 +0100] "POST /wp-admin/admin-ajax.php HTTP/2.0" 200 79 "https://www.vmachine.cloud/wp-admin/themes.php?page=starter-templates&ast-disable-activation-notice=&astra-site=id-17988&astra-page=id-34092" "Mozilla/5.0 (X11; Ubuntu; Linux x86_64; rv:92.0) Gecko/20100101 Firefox/92.0"
41.249.84.5 - - [16/Sep/2021:19:08:55 +0100] "POST /wp-admin/admin-ajax.php HTTP/2.0" 200 240 "https://www.vmachine.cloud/wp-admin/themes.php?page=starter-templates&ast-disable-activation-notice=&astra-site=id-17988&astra-page=id-34092" "Mozilla/5.0 (X11; Ubuntu; Linux x86_64; rv:92.0) Gecko/20100101 Firefox/92.0"
41.249.84.5 - - [16/Sep/2021:19:08:57 +0100] "POST /wp-admin/admin-ajax.php HTTP/2.0" 200 69 "https://www.vmachine.cloud/wp-admin/themes.php?page=starter-templates&ast-disable-activation-notice=&astra-site=id-17988&astra-page=id-34092" "Mozilla/5.0 (X11; Ubuntu; Linux x86_64; rv:92.0) Gecko/20100101 Firefox/92.0"
41.249.84.5 - - [16/Sep/2021:19:08:57 +0100] "POST /wp-admin/admin-ajax.php HTTP/2.0" 200 232 "https://www.vmachine.cloud/wp-admin/themes.php?page=starter-templates&ast-disable-activation-notice=&astra-site=id-17988&astra-page=id-34092" "Mozilla/5.0 (X11; Ubuntu; Linux x86_64; rv:92.0) Gecko/20100101 Firefox/92.0"
41.249.84.5 - - [16/Sep/2021:19:08:59 +0100] "POST /wp-admin/admin-ajax.php HTTP/2.0" 200 69 "https://www.vmachine.cloud/wp-admin/themes.php?page=starter-templates&ast-disable-activation-notice=&astra-site=id-17988&astra-page=id-34092" "Mozilla/5.0 (X11; Ubuntu; Linux x86_64; rv:92.0) Gecko/20100101 Firefox/92.0"
41.249.84.5 - - [16/Sep/2021:19:09:00 +0100] "POST /wp-admin/admin-ajax.php HTTP/2.0" 200 301 "https://www.vmachine.cloud/wp-admin/themes.php?page=starter-templates&ast-disable-activation-notice=&astra-site=id-17988&astra-page=id-34092" "Mozilla/5.0 (X11; Ubuntu; Linux x86_64; rv:92.0) Gecko/20100101 Firefox/92.0"
41.249.84.5 - - [16/Sep/2021:19:09:03 +0100] "POST /wp-admin/admin-ajax.php HTTP/2.0" 200 69 "https://www.vmachine.cloud/wp-admin/themes.php?page=starter-templates&ast-disable-activation-notice=&astra-site=id-17988&astra-page=id-34092" "Mozilla/5.0 (X11; Ubuntu; Linux x86_64; rv:92.0) Gecko/20100101 Firefox/92.0"
41.249.84.5 - - [16/Sep/2021:19:09:04 +0100] "POST /wp-admin/admin-ajax.php HTTP/2.0" 200 52 "https://www.vmachine.cloud/wp-admin/themes.php?page=starter-templates&ast-disable-activation-notice=&astra-site=id-17988&astra-page=id-34092" "Mozilla/5.0 (X11; Ubuntu; Linux x86_64; rv:92.0) Gecko/20100101 Firefox/92.0"
41.249.84.5 - - [16/Sep/2021:19:09:04 +0100] "POST /wp-admin/admin-ajax.php HTTP/2.0" 200 312 "https://www.vmachine.cloud/wp-admin/themes.php?page=starter-templates&ast-disable-activation-notice=&astra-site=id-17988&astra-page=id-34092" "Mozilla/5.0 (X11; Ubuntu; Linux x86_64; rv:92.0) Gecko/20100101 Firefox/92.0"
41.249.84.5 - - [16/Sep/2021:19:09:06 +0100] "POST /wp-admin/admin-ajax.php HTTP/2.0" 200 293 "https://www.vmachine.cloud/wp-admin/themes.php?page=starter-templates&ast-disable-activation-notice=&astra-site=id-17988&astra-page=id-34092" "Mozilla/5.0 (X11; Ubuntu; Linux x86_64; rv:92.0) Gecko/20100101 Firefox/92.0"
41.249.84.5 - - [16/Sep/2021:19:09:06 +0100] "POST /wp-admin/admin-ajax.php HTTP/2.0" 200 69 "https://www.vmachine.cloud/wp-admin/themes.php?page=starter-templates&ast-disable-activation-notice=&astra-site=id-17988&astra-page=id-34092" "Mozilla/5.0 (X11; Ubuntu; Linux x86_64; rv:92.0) Gecko/20100101 Firefox/92.0"
41.249.84.5 - - [16/Sep/2021:19:09:06 +0100] "POST /wp-admin/admin-ajax.php HTTP/2.0" 200 16 "https://www.vmachine.cloud/wp-admin/themes.php?page=starter-templates&ast-disable-activation-notice=&astra-site=id-17988&astra-page=id-34092" "Mozilla/5.0 (X11; Ubuntu; Linux x86_64; rv:92.0) Gecko/20100101 Firefox/92.0"
41.249.84.5 - - [16/Sep/2021:19:09:08 +0100] "POST /wp-admin/admin-ajax.php HTTP/2.0" 200 69 "https://www.vmachine.cloud/wp-admin/themes.php?page=starter-templates&ast-disable-activation-notice=&astra-site=id-17988&astra-page=id-34092" "Mozilla/5.0 (X11; Ubuntu; Linux x86_64; rv:92.0) Gecko/20100101 Firefox/92.0"
41.249.84.5 - - [16/Sep/2021:19:09:09 +0100] "POST /wp-admin/admin-ajax.php HTTP/2.0" 200 107 "https://www.vmachine.cloud/wp-admin/themes.php?page=starter-templates&ast-disable-activation-notice=&astra-site=id-17988&astra-page=id-34092" "Mozilla/5.0 (X11; Ubuntu; Linux x86_64; rv:92.0) Gecko/20100101 Firefox/92.0"
41.249.84.5 - - [16/Sep/2021:19:09:09 +0100] "POST /wp-admin/admin-ajax.php HTTP/2.0" 200 107 "https://www.vmachine.cloud/wp-admin/themes.php?page=starter-templates&ast-disable-activation-notice=&astra-site=id-17988&astra-page=id-34092" "Mozilla/5.0 (X11; Ubuntu; Linux x86_64; rv:92.0) Gecko/20100101 Firefox/92.0"
41.249.84.5 - - [16/Sep/2021:19:09:10 +0100] "POST /wp-admin/admin-ajax.php HTTP/2.0" 200 34 "https://www.vmachine.cloud/wp-admin/themes.php?page=starter-templates&ast-disable-activation-notice=&astra-site=id-17988&astra-page=id-34092" "Mozilla/5.0 (X11; Ubuntu; Linux x86_64; rv:92.0) Gecko/20100101 Firefox/92.0"
41.249.84.5 - - [16/Sep/2021:19:09:10 +0100] "POST /wp-admin/admin-ajax.php HTTP/2.0" 200 34 "https://www.vmachine.cloud/wp-admin/themes.php?page=starter-templates&ast-disable-activation-notice=&astra-site=id-17988&astra-page=id-34092" "Mozilla/5.0 (X11; Ubuntu; Linux x86_64; rv:92.0) Gecko/20100101 Firefox/92.0"
41.249.84.5 - - [16/Sep/2021:19:09:10 +0100] "POST /wp-admin/admin-ajax.php HTTP/2.0" 200 185116 "https://www.vmachine.cloud/wp-admin/themes.php?page=starter-templates&ast-disable-activation-notice=&astra-site=id-17988&astra-page=id-34092" "Mozilla/5.0 (X11; Ubuntu; Linux x86_64; rv:92.0) Gecko/20100101 Firefox/92.0"
41.249.84.5 - - [16/Sep/2021:19:09:12 +0100] "POST /wp-admin/admin-ajax.php HTTP/2.0" 200 185116 "https://www.vmachine.cloud/wp-admin/themes.php?page=starter-templates&ast-disable-activation-notice=&astra-site=id-17988&astra-page=id-34092" "Mozilla/5.0 (X11; Ubuntu; Linux x86_64; rv:92.0) Gecko/20100101 Firefox/92.0"
41.249.84.5 - - [16/Sep/2021:19:09:13 +0100] "POST /wp-admin/admin-ajax.php HTTP/2.0" 200 428 "https://www.vmachine.cloud/wp-admin/themes.php?page=starter-templates&ast-disable-activation-notice=&astra-site=id-17988&astra-page=id-34092" "Mozilla/5.0 (X11; Ubuntu; Linux x86_64; rv:92.0) Gecko/20100101 Firefox/92.0"
41.249.84.5 - - [16/Sep/2021:19:09:15 +0100] "POST /wp-admin/admin-ajax.php HTTP/2.0" 200 432 "https://www.vmachine.cloud/wp-admin/themes.php?page=starter-templates&ast-disable-activation-notice=&astra-site=id-17988&astra-page=id-34092" "Mozilla/5.0 (X11; Ubuntu; Linux x86_64; rv:92.0) Gecko/20100101 Firefox/92.0"
35.206.70.155 - - [16/Sep/2021:19:09:42 +0100] "POST /wp-admin/admin-ajax.php?action=wp_1_wc_privacy_cleanup&nonce=b0bbc904a0 HTTP/1.1" 200 0 "https://www.vmachine.cloud/wp-admin/admin-ajax.php?action=wp_1_wc_privacy_cleanup&nonce=b0bbc904a0" "WordPress/5.8.1; https://www.vmachine.cloud"
35.206.70.155 - - [16/Sep/2021:19:09:42 +0100] "POST /wp-cron.php?doing_wp_cron=1631815781.4735350608825683593750 HTTP/1.1" 200 0 "https://www.vmachine.cloud/wp-cron.php?doing_wp_cron=1631815781.4735350608825683593750" "WordPress/5.8.1; https://www.vmachine.cloud"
41.249.84.5 - - [16/Sep/2021:19:09:42 +0100] "POST /wp-admin/admin-ajax.php HTTP/2.0" 200 47 "https://www.vmachine.cloud/wp-admin/themes.php?page=starter-templates&ast-disable-activation-notice=&astra-site=id-17988&astra-page=id-34092" "Mozilla/5.0 (X11; Ubuntu; Linux x86_64; rv:92.0) Gecko/20100101 Firefox/92.0"
41.249.84.5 - - [16/Sep/2021:19:09:54 +0100] "GET /wp-admin/admin-ajax.php?action=astra-wxr-import&id=1&_ajax_nonce=9407fd0f9c&xml_id=52 HTTP/2.0" 200 360657 "https://www.vmachine.cloud/wp-admin/themes.php?page=starter-templates&ast-disable-activation-notice=&astra-site=id-17988&astra-page=id-34092" "Mozilla/5.0 (X11; Ubuntu; Linux x86_64; rv:92.0) Gecko/20100101 Firefox/92.0"
35.206.70.155 - - [16/Sep/2021:19:10:05 +0100] "POST /wp-cron.php?doing_wp_cron=1631815805.2824449539184570312500 HTTP/1.1" 200 0 "https://www.vmachine.cloud/wp-cron.php?doing_wp_cron=1631815805.2824449539184570312500" "WordPress/5.8.1; https://www.vmachine.cloud"
35.206.70.155 - - [16/Sep/2021:19:10:06 +0100] "POST /wp-admin/admin-ajax.php?action=as_async_request_queue_runner&nonce=3fec86bbaa HTTP/1.1" 499 0 "https://www.vmachine.cloud/wp-admin/admin-ajax.php?action=as_async_request_queue_runner&nonce=3fec86bbaa" "WordPress/5.8.1; https://www.vmachine.cloud"
41.249.84.5 - - [16/Sep/2021:19:10:06 +0100] "POST /wp-admin/admin-ajax.php HTTP/2.0" 200 202719 "https://www.vmachine.cloud/wp-admin/themes.php?page=starter-templates&ast-disable-activation-notice=" "Mozilla/5.0 (X11; Ubuntu; Linux x86_64; rv:92.0) Gecko/20100101 Firefox/92.0"
41.249.84.5 - - [16/Sep/2021:19:10:09 +0100] "POST /wp-admin/admin-ajax.php HTTP/2.0" 200 625 "https://www.vmachine.cloud/wp-admin/themes.php?page=starter-templates&ast-disable-activation-notice=" "Mozilla/5.0 (X11; Ubuntu; Linux x86_64; rv:92.0) Gecko/20100101 Firefox/92.0"
41.249.84.5 - - [16/Sep/2021:19:10:11 +0100] "POST /wp-admin/admin-ajax.php HTTP/2.0" 200 732 "https://www.vmachine.cloud/wp-admin/themes.php?page=starter-templates&ast-disable-activation-notice=" "Mozilla/5.0 (X11; Ubuntu; Linux x86_64; rv:92.0) Gecko/20100101 Firefox/92.0"
41.249.84.5 - - [16/Sep/2021:19:10:12 +0100] "POST /wp-admin/admin-ajax.php HTTP/2.0" 200 107 "https://www.vmachine.cloud/wp-admin/themes.php?page=starter-templates&ast-disable-activation-notice=" "Mozilla/5.0 (X11; Ubuntu; Linux x86_64; rv:92.0) Gecko/20100101 Firefox/92.0"
41.249.84.5 - - [16/Sep/2021:19:10:12 +0100] "POST /wp-admin/admin-ajax.php HTTP/2.0" 200 34 "https://www.vmachine.cloud/wp-admin/themes.php?page=starter-templates&ast-disable-activation-notice=" "Mozilla/5.0 (X11; Ubuntu; Linux x86_64; rv:92.0) Gecko/20100101 Firefox/92.0"
41.249.84.5 - - [16/Sep/2021:19:10:13 +0100] "POST /wp-admin/admin-ajax.php HTTP/2.0" 200 185116 "https://www.vmachine.cloud/wp-admin/themes.php?page=starter-templates&ast-disable-activation-notice=" "Mozilla/5.0 (X11; Ubuntu; Linux x86_64; rv:92.0) Gecko/20100101 Firefox/92.0"
41.249.84.5 - - [16/Sep/2021:19:10:16 +0100] "POST /wp-admin/admin-ajax.php HTTP/2.0" 200 434 "https://www.vmachine.cloud/wp-admin/themes.php?page=starter-templates&ast-disable-activation-notice=" "Mozilla/5.0 (X11; Ubuntu; Linux x86_64; rv:92.0) Gecko/20100101 Firefox/92.0"
41.249.84.5 - - [16/Sep/2021:19:10:41 +0100] "POST /wp-admin/admin-ajax.php HTTP/2.0" 200 47 "https://www.vmachine.cloud/wp-admin/themes.php?page=starter-templates&ast-disable-activation-notice=" "Mozilla/5.0 (X11; Ubuntu; Linux x86_64; rv:92.0) Gecko/20100101 Firefox/92.0"
41.249.84.5 - - [16/Sep/2021:19:10:56 +0100] "GET /wp-admin/admin-ajax.php?action=astra-wxr-import&id=1&_ajax_nonce=9407fd0f9c&xml_id=2462 HTTP/2.0" 200 361364 "https://www.vmachine.cloud/wp-admin/themes.php?page=starter-templates&ast-disable-activation-notice=" "Mozilla/5.0 (X11; Ubuntu; Linux x86_64; rv:92.0) Gecko/20100101 Firefox/92.0"
41.249.84.5 - - [16/Sep/2021:19:11:05 +0100] "POST /wp-admin/admin-ajax.php HTTP/2.0" 200 202718 "https://www.vmachine.cloud/wp-admin/themes.php?page=starter-templates&ast-disable-activation-notice=" "Mozilla/5.0 (X11; Ubuntu; Linux x86_64; rv:92.0) Gecko/20100101 Firefox/92.0"
35.206.70.155 - - [16/Sep/2021:19:11:10 +0100] "POST /wp-cron.php?doing_wp_cron=1631815870.5369160175323486328125 HTTP/1.1" 200 0 "https://www.vmachine.cloud/wp-cron.php?doing_wp_cron=1631815870.5369160175323486328125" "WordPress/5.8.1; https://www.vmachine.cloud"
41.249.84.5 - - [16/Sep/2021:19:11:10 +0100] "POST /wp-admin/admin-ajax.php HTTP/2.0" 200 625 "https://www.vmachine.cloud/wp-admin/themes.php?page=starter-templates&ast-disable-activation-notice=" "Mozilla/5.0 (X11; Ubuntu; Linux x86_64; rv:92.0) Gecko/20100101 Firefox/92.0"
41.249.84.5 - - [16/Sep/2021:19:11:13 +0100] "POST /wp-admin/admin-ajax.php HTTP/2.0" 200 1334 "https://www.vmachine.cloud/wp-admin/themes.php?page=starter-templates&ast-disable-activation-notice=" "Mozilla/5.0 (X11; Ubuntu; Linux x86_64; rv:92.0) Gecko/20100101 Firefox/92.0"
41.249.84.5 - - [16/Sep/2021:19:11:14 +0100] "POST /wp-admin/admin-ajax.php HTTP/2.0" 200 107 "https://www.vmachine.cloud/wp-admin/themes.php?page=starter-templates&ast-disable-activation-notice=" "Mozilla/5.0 (X11; Ubuntu; Linux x86_64; rv:92.0) Gecko/20100101 Firefox/92.0"
41.249.84.5 - - [16/Sep/2021:19:11:15 +0100] "POST /wp-admin/admin-ajax.php HTTP/2.0" 200 34 "https://www.vmachine.cloud/wp-admin/themes.php?page=starter-templates&ast-disable-activation-notice=" "Mozilla/5.0 (X11; Ubuntu; Linux x86_64; rv:92.0) Gecko/20100101 Firefox/92.0"
41.249.84.5 - - [16/Sep/2021:19:11:15 +0100] "POST /wp-admin/admin-ajax.php HTTP/2.0" 200 185116 "https://www.vmachine.cloud/wp-admin/themes.php?page=starter-templates&ast-disable-activation-notice=" "Mozilla/5.0 (X11; Ubuntu; Linux x86_64; rv:92.0) Gecko/20100101 Firefox/92.0"
41.249.84.5 - - [16/Sep/2021:19:11:20 +0100] "POST /wp-admin/admin-ajax.php HTTP/2.0" 200 434 "https://www.vmachine.cloud/wp-admin/themes.php?page=starter-templates&ast-disable-activation-notice=" "Mozilla/5.0 (X11; Ubuntu; Linux x86_64; rv:92.0) Gecko/20100101 Firefox/92.0"
41.249.84.5 - - [16/Sep/2021:19:11:41 +0100] "POST /wp-admin/admin-ajax.php HTTP/2.0" 200 47 "https://www.vmachine.cloud/wp-admin/themes.php?page=starter-templates&ast-disable-activation-notice=" "Mozilla/5.0 (X11; Ubuntu; Linux x86_64; rv:92.0) Gecko/20100101 Firefox/92.0"
41.249.84.5 - - [16/Sep/2021:19:12:20 +0100] "GET /wp-admin/admin-ajax.php?action=astra-wxr-import&id=1&_ajax_nonce=9407fd0f9c&xml_id=2551 HTTP/2.0" 200 359165 "https://www.vmachine.cloud/wp-admin/themes.php?page=starter-templates&ast-disable-activation-notice=" "Mozilla/5.0 (X11; Ubuntu; Linux x86_64; rv:92.0) Gecko/20100101 Firefox/92.0"
35.206.70.155 - - [16/Sep/2021:19:12:27 +0100] "POST /wp-cron.php?doing_wp_cron=1631815946.9468009471893310546875 HTTP/1.1" 200 0 "https://www.vmachine.cloud/wp-cron.php?doing_wp_cron=1631815946.9468009471893310546875" "WordPress/5.8.1; https://www.vmachine.cloud"
41.249.84.5 - - [16/Sep/2021:19:12:27 +0100] "POST /wp-admin/admin-ajax.php HTTP/2.0" 200 202719 "https://www.vmachine.cloud/wp-admin/themes.php?page=starter-templates&ast-disable-activation-notice=" "Mozilla/5.0 (X11; Ubuntu; Linux x86_64; rv:92.0) Gecko/20100101 Firefox/92.0"
41.249.84.5 - - [16/Sep/2021:19:12:29 +0100] "POST /wp-admin/admin-ajax.php HTTP/2.0" 200 625 "https://www.vmachine.cloud/wp-admin/themes.php?page=starter-templates&ast-disable-activation-notice=" "Mozilla/5.0 (X11; Ubuntu; Linux x86_64; rv:92.0) Gecko/20100101 Firefox/92.0"
41.249.84.5 - - [16/Sep/2021:19:12:31 +0100] "POST /wp-admin/admin-ajax.php HTTP/2.0" 200 1929 "https://www.vmachine.cloud/wp-admin/themes.php?page=starter-templates&ast-disable-activation-notice=" "Mozilla/5.0 (X11; Ubuntu; Linux x86_64; rv:92.0) Gecko/20100101 Firefox/92.0"
41.249.84.5 - - [16/Sep/2021:19:12:33 +0100] "POST /wp-admin/admin-ajax.php HTTP/2.0" 200 107 "https://www.vmachine.cloud/wp-admin/themes.php?page=starter-templates&ast-disable-activation-notice=" "Mozilla/5.0 (X11; Ubuntu; Linux x86_64; rv:92.0) Gecko/20100101 Firefox/92.0"
41.249.84.5 - - [16/Sep/2021:19:12:33 +0100] "POST /wp-admin/admin-ajax.php HTTP/2.0" 200 34 "https://www.vmachine.cloud/wp-admin/themes.php?page=starter-templates&ast-disable-activation-notice=" "Mozilla/5.0 (X11; Ubuntu; Linux x86_64; rv:92.0) Gecko/20100101 Firefox/92.0"
41.249.84.5 - - [16/Sep/2021:19:12:34 +0100] "POST /wp-admin/admin-ajax.php HTTP/2.0" 200 185116 "https://www.vmachine.cloud/wp-admin/themes.php?page=starter-templates&ast-disable-activation-notice=" "Mozilla/5.0 (X11; Ubuntu; Linux x86_64; rv:92.0) Gecko/20100101 Firefox/92.0"
41.249.84.5 - - [16/Sep/2021:19:12:37 +0100] "POST /wp-admin/admin-ajax.php HTTP/2.0" 200 434 "https://www.vmachine.cloud/wp-admin/themes.php?page=starter-templates&ast-disable-activation-notice=" "Mozilla/5.0 (X11; Ubuntu; Linux x86_64; rv:92.0) Gecko/20100101 Firefox/92.0"
41.249.84.5 - - [16/Sep/2021:19:12:41 +0100] "POST /wp-admin/admin-ajax.php HTTP/2.0" 200 47 "https://www.vmachine.cloud/wp-admin/themes.php?page=starter-templates&ast-disable-activation-notice=" "Mozilla/5.0 (X11; Ubuntu; Linux x86_64; rv:92.0) Gecko/20100101 Firefox/92.0"
41.249.84.5 - - [16/Sep/2021:19:13:37 +0100] "GET /wp-admin/admin-ajax.php?action=astra-wxr-import&id=1&_ajax_nonce=9407fd0f9c&xml_id=2639 HTTP/2.0" 200 0 "https://www.vmachine.cloud/wp-admin/themes.php?page=starter-templates&ast-disable-activation-notice=" "Mozilla/5.0 (X11; Ubuntu; Linux x86_64; rv:92.0) Gecko/20100101 Firefox/92.0"
35.206.70.155 - - [16/Sep/2021:19:14:41 +0100] "POST /wp-cron.php?doing_wp_cron=1631816081.6848568916320800781250 HTTP/1.1" 200 0 "https://www.vmachine.cloud/wp-cron.php?doing_wp_cron=1631816081.6848568916320800781250" "WordPress/5.8.1; https://www.vmachine.cloud"
41.249.84.5 - - [16/Sep/2021:19:14:41 +0100] "POST /wp-admin/admin-ajax.php HTTP/2.0" 200 47 "https://www.vmachine.cloud/wp-admin/themes.php?page=starter-templates&ast-disable-activation-notice=" "Mozilla/5.0 (X11; Ubuntu; Linux x86_64; rv:92.0) Gecko/20100101 Firefox/92.0"
35.206.70.155 - - [16/Sep/2021:19:15:56 +0100] "POST /wp-cron.php?doing_wp_cron=1631816155.9267768859863281250000 HTTP/1.1" 200 0 "https://www.vmachine.cloud/wp-cron.php?doing_wp_cron=1631816155.9267768859863281250000" "WordPress/5.8.1; https://www.vmachine.cloud"
41.249.84.5 - - [16/Sep/2021:19:15:56 +0100] "POST /wp-admin/admin-ajax.php HTTP/2.0" 200 47 "https://www.vmachine.cloud/wp-admin/themes.php?page=starter-templates&ast-disable-activation-notice=" "Mozilla/5.0 (X11; Ubuntu; Linux x86_64; rv:92.0) Gecko/20100101 Firefox/92.0"
35.206.70.155 - - [16/Sep/2021:19:16:01 +0100] "POST /wp-cron.php?doing_wp_cron=1631816160.9556229114532470703125 HTTP/1.1" 200 0 "https://www.vmachine.cloud/wp-cron.php?doing_wp_cron=1631816160.9556229114532470703125" "WordPress/5.8.1; https://www.vmachine.cloud"
35.206.70.155 - - [16/Sep/2021:19:16:02 +0100] "POST /wp-cron.php?doing_wp_cron=1631816161.8481960296630859375000 HTTP/1.1" 200 0 "https://www.vmachine.cloud/wp-cron.php?doing_wp_cron=1631816161.8481960296630859375000" "WordPress/5.8.1; https://www.vmachine.cloud"
35.206.70.155 - - [16/Sep/2021:19:16:02 +0100] "POST /wp-cron.php?doing_wp_cron=1631816162.4203920364379882812500 HTTP/1.1" 500 2565 "https://www.vmachine.cloud/wp-cron.php?doing_wp_cron=1631816162.4203920364379882812500" "WordPress/5.8.1; https://www.vmachine.cloud"
35.206.70.155 - - [16/Sep/2021:19:16:02 +0100] "POST /wp-admin/admin-ajax.php?action=wp_cartflows_sync_library&nonce=e3fef9d75f HTTP/1.1" 200 0 "https://www.vmachine.cloud/wp-admin/admin-ajax.php?action=wp_cartflows_sync_library&nonce=e3fef9d75f" "WordPress/5.8.1; https://www.vmachine.cloud"
41.249.84.5 - - [16/Sep/2021:19:16:03 +0100] "GET /wp-admin/index.php HTTP/2.0" 200 43289 "https://www.vmachine.cloud/wp-admin/themes.php?page=starter-templates&ast-disable-activation-notice=" "Mozilla/5.0 (X11; Ubuntu; Linux x86_64; rv:92.0) Gecko/20100101 Firefox/92.0"
41.249.84.5 - - [16/Sep/2021:19:16:03 +0100] "GET /wp-content/plugins/astra-sites/inc/assets/css/import-status.css?ver=2.6.22 HTTP/2.0" 200 689 "https://www.vmachine.cloud/wp-admin/index.php" "Mozilla/5.0 (X11; Ubuntu; Linux x86_64; rv:92.0) Gecko/20100101 Firefox/92.0"
41.249.84.5 - - [16/Sep/2021:19:16:03 +0100] "GET /wp-content/plugins/elementor/assets/lib/eicons/css/elementor-icons.min.css?ver=5.12.0 HTTP/2.0" 200 3696 "https://www.vmachine.cloud/wp-admin/index.php" "Mozilla/5.0 (X11; Ubuntu; Linux x86_64; rv:92.0) Gecko/20100101 Firefox/92.0"
41.249.84.5 - - [16/Sep/2021:19:16:03 +0100] "GET /wp-content/plugins/elementor/assets/css/common.min.css?ver=3.4.4 HTTP/2.0" 200 2693 "https://www.vmachine.cloud/wp-admin/index.php" "Mozilla/5.0 (X11; Ubuntu; Linux x86_64; rv:92.0) Gecko/20100101 Firefox/92.0"
41.249.84.5 - - [16/Sep/2021:19:16:03 +0100] "GET /wp-content/plugins/elementor/assets/css/admin.min.css?ver=3.4.4 HTTP/2.0" 200 6908 "https://www.vmachine.cloud/wp-admin/index.php" "Mozilla/5.0 (X11; Ubuntu; Linux x86_64; rv:92.0) Gecko/20100101 Firefox/92.0"
41.249.84.5 - - [16/Sep/2021:19:16:03 +0100] "GET /wp-content/plugins/woocommerce/assets/css/menu.css?ver=5.6.0 HTTP/2.0" 200 1325 "https://www.vmachine.cloud/wp-admin/index.php" "Mozilla/5.0 (X11; Ubuntu; Linux x86_64; rv:92.0) Gecko/20100101 Firefox/92.0"
41.249.84.5 - - [16/Sep/2021:19:16:03 +0100] "GET /wp-content/plugins/woocommerce/assets/css/dashboard.css?ver=5.6.0 HTTP/2.0" 200 1342 "https://www.vmachine.cloud/wp-admin/index.php" "Mozilla/5.0 (X11; Ubuntu; Linux x86_64; rv:92.0) Gecko/20100101 Firefox/92.0"
41.249.84.5 - - [16/Sep/2021:19:16:03 +0100] "GET /wp-content/plugins/wpforms-lite/assets/css/admin-bar.min.css?ver=1.6.9 HTTP/2.0" 200 443 "https://www.vmachine.cloud/wp-admin/index.php" "Mozilla/5.0 (X11; Ubuntu; Linux x86_64; rv:92.0) Gecko/20100101 Firefox/92.0"
41.249.84.5 - - [16/Sep/2021:19:16:03 +0100] "GET /wp-content/plugins/wpforms-lite/assets/css/dashboard-widget.min.css?ver=1.6.9 HTTP/2.0" 200 1572 "https://www.vmachine.cloud/wp-admin/index.php" "Mozilla/5.0 (X11; Ubuntu; Linux x86_64; rv:92.0) Gecko/20100101 Firefox/92.0"
41.249.84.5 - - [16/Sep/2021:19:16:03 +0100] "GET /wp-content/plugins/astra-sites/inc/assets/css/install-theme.css?ver=2.6.22 HTTP/2.0" 200 261 "https://www.vmachine.cloud/wp-admin/index.php" "Mozilla/5.0 (X11; Ubuntu; Linux x86_64; rv:92.0) Gecko/20100101 Firefox/92.0"
41.249.84.5 - - [16/Sep/2021:19:16:03 +0100] "GET /wp-content/plugins/woocommerce/assets/css/activation.css?ver=5.6.0 HTTP/2.0" 200 508 "https://www.vmachine.cloud/wp-admin/index.php" "Mozilla/5.0 (X11; Ubuntu; Linux x86_64; rv:92.0) Gecko/20100101 Firefox/92.0"
41.249.84.5 - - [16/Sep/2021:19:16:04 +0100] "GET /wp-content/plugins/woocommerce/assets/js/jquery-flot/jquery.flot.time.min.js?ver=5.6.0 HTTP/2.0" 200 1842 "https://www.vmachine.cloud/wp-admin/index.php" "Mozilla/5.0 (X11; Ubuntu; Linux x86_64; rv:92.0) Gecko/20100101 Firefox/92.0"
41.249.84.5 - - [16/Sep/2021:19:16:04 +0100] "GET /wp-content/plugins/woocommerce/assets/js/jquery-flot/jquery.flot.stack.min.js?ver=5.6.0 HTTP/2.0" 200 629 "https://www.vmachine.cloud/wp-admin/index.php" "Mozilla/5.0 (X11; Ubuntu; Linux x86_64; rv:92.0) Gecko/20100101 Firefox/92.0"
41.249.84.5 - - [16/Sep/2021:19:16:04 +0100] "GET /wp-content/plugins/woocommerce/assets/js/admin/reports.min.js?ver=5.6.0 HTTP/2.0" 200 1355 "https://www.vmachine.cloud/wp-admin/index.php" "Mozilla/5.0 (X11; Ubuntu; Linux x86_64; rv:92.0) Gecko/20100101 Firefox/92.0"
41.249.84.5 - - [16/Sep/2021:19:16:04 +0100] "GET /wp-content/plugins/woocommerce/assets/js/jquery-flot/jquery.flot.resize.min.js?ver=5.6.0 HTTP/2.0" 200 592 "https://www.vmachine.cloud/wp-admin/index.php" "Mozilla/5.0 (X11; Ubuntu; Linux x86_64; rv:92.0) Gecko/20100101 Firefox/92.0"
41.249.84.5 - - [16/Sep/2021:19:16:04 +0100] "GET /wp-content/plugins/woocommerce/assets/js/jquery-flot/jquery.flot.pie.min.js?ver=5.6.0 HTTP/2.0" 200 2864 "https://www.vmachine.cloud/wp-admin/index.php" "Mozilla/5.0 (X11; Ubuntu; Linux x86_64; rv:92.0) Gecko/20100101 Firefox/92.0"
41.249.84.5 - - [16/Sep/2021:19:16:04 +0100] "GET /wp-content/plugins/woocommerce/assets/js/jquery-flot/jquery.flot.min.js?ver=5.6.0 HTTP/2.0" 200 12297 "https://www.vmachine.cloud/wp-admin/index.php" "Mozilla/5.0 (X11; Ubuntu; Linux x86_64; rv:92.0) Gecko/20100101 Firefox/92.0"
41.249.84.5 - - [16/Sep/2021:19:16:04 +0100] "GET /wp-content/plugins/elementor/assets/lib/backbone/backbone.marionette.min.js?ver=2.4.5.e1 HTTP/2.0" 200 11502 "https://www.vmachine.cloud/wp-admin/index.php" "Mozilla/5.0 (X11; Ubuntu; Linux x86_64; rv:92.0) Gecko/20100101 Firefox/92.0"
41.249.84.5 - - [16/Sep/2021:19:16:04 +0100] "GET /wp-content/plugins/elementor/assets/lib/dialog/dialog.min.js?ver=4.8.1 HTTP/2.0" 200 3510 "https://www.vmachine.cloud/wp-admin/index.php" "Mozilla/5.0 (X11; Ubuntu; Linux x86_64; rv:92.0) Gecko/20100101 Firefox/92.0"
41.249.84.5 - - [16/Sep/2021:19:16:04 +0100] "GET /wp-content/plugins/elementor/assets/lib/backbone/backbone.radio.min.js?ver=1.0.4 HTTP/2.0" 200 1568 "https://www.vmachine.cloud/wp-admin/index.php" "Mozilla/5.0 (X11; Ubuntu; Linux x86_64; rv:92.0) Gecko/20100101 Firefox/92.0"
41.249.84.5 - - [16/Sep/2021:19:16:04 +0100] "GET /wp-content/plugins/elementor/assets/js/common-modules.min.js?ver=3.4.4 HTTP/2.0" 200 30185 "https://www.vmachine.cloud/wp-admin/index.php" "Mozilla/5.0 (X11; Ubuntu; Linux x86_64; rv:92.0) Gecko/20100101 Firefox/92.0"
41.249.84.5 - - [16/Sep/2021:19:16:04 +0100] "GET /wp-content/plugins/elementor/assets/js/common.min.js?ver=3.4.4 HTTP/2.0" 200 45168 "https://www.vmachine.cloud/wp-admin/index.php" "Mozilla/5.0 (X11; Ubuntu; Linux x86_64; rv:92.0) Gecko/20100101 Firefox/92.0"
41.249.84.5 - - [16/Sep/2021:19:16:04 +0100] "GET /wp-content/plugins/elementor/assets/js/app-loader.min.js?ver=3.4.4 HTTP/2.0" 200 25415 "https://www.vmachine.cloud/wp-admin/index.php" "Mozilla/5.0 (X11; Ubuntu; Linux x86_64; rv:92.0) Gecko/20100101 Firefox/92.0"
41.249.84.5 - - [16/Sep/2021:19:16:04 +0100] "GET /wp-content/plugins/elementor/assets/js/admin.min.js?ver=3.4.4 HTTP/2.0" 200 19148 "https://www.vmachine.cloud/wp-admin/index.php" "Mozilla/5.0 (X11; Ubuntu; Linux x86_64; rv:92.0) Gecko/20100101 Firefox/92.0"
41.249.84.5 - - [16/Sep/2021:19:16:04 +0100] "GET /wp-includes/js/mediaelement/wp-mediaelement.min.js?ver=5.8.1 HTTP/2.0" 499 0 "https://www.vmachine.cloud/wp-admin/index.php" "Mozilla/5.0 (X11; Ubuntu; Linux x86_64; rv:92.0) Gecko/20100101 Firefox/92.0"
41.249.84.5 - - [16/Sep/2021:19:16:04 +0100] "GET /wp-content/plugins/wpforms-lite/assets/js/moment.min.js?ver=2.22.2 HTTP/2.0" 200 16804 "https://www.vmachine.cloud/wp-admin/index.php" "Mozilla/5.0 (X11; Ubuntu; Linux x86_64; rv:92.0) Gecko/20100101 Firefox/92.0"
41.249.84.5 - - [16/Sep/2021:19:16:04 +0100] "GET /wp-content/plugins/wpforms-lite/lite/assets/js/admin/dashboard-widget.min.js?ver=1.6.9 HTTP/2.0" 200 964 "https://www.vmachine.cloud/wp-admin/index.php" "Mozilla/5.0 (X11; Ubuntu; Linux x86_64; rv:92.0) Gecko/20100101 Firefox/92.0"
41.249.84.5 - - [16/Sep/2021:19:16:04 +0100] "GET /wp-includes/js/jquery/ui/menu.min.js?ver=1.12.1 HTTP/2.0" 499 0 "https://www.vmachine.cloud/wp-admin/index.php" "Mozilla/5.0 (X11; Ubuntu; Linux x86_64; rv:92.0) Gecko/20100101 Firefox/92.0"
41.249.84.5 - - [16/Sep/2021:19:16:04 +0100] "GET /wp-includes/js/jquery/ui/autocomplete.min.js?ver=1.12.1 HTTP/2.0" 499 0 "https://www.vmachine.cloud/wp-admin/index.php" "Mozilla/5.0 (X11; Ubuntu; Linux x86_64; rv:92.0) Gecko/20100101 Firefox/92.0"
41.249.84.5 - - [16/Sep/2021:19:16:04 +0100] "GET /wp-content/plugins/wpforms-lite/assets/js/chart.min.js?ver=2.7.2 HTTP/2.0" 200 47218 "https://www.vmachine.cloud/wp-admin/index.php" "Mozilla/5.0 (X11; Ubuntu; Linux x86_64; rv:92.0) Gecko/20100101 Firefox/92.0"
41.249.84.5 - - [16/Sep/2021:19:16:04 +0100] "GET /wp-content/plugins/elementor/assets/lib/eicons/fonts/eicons.woff2?5.12.0 HTTP/2.0" 200 89444 "https://www.vmachine.cloud/wp-content/plugins/elementor/assets/lib/eicons/css/elementor-icons.min.css?ver=5.12.0" "Mozilla/5.0 (X11; Ubuntu; Linux x86_64; rv:92.0) Gecko/20100101 Firefox/92.0"
41.249.84.5 - - [16/Sep/2021:19:16:04 +0100] "GET /wp-content/plugins/woocommerce/assets/fonts/WooCommerce.woff HTTP/2.0" 200 14176 "https://www.vmachine.cloud/wp-content/plugins/woocommerce/assets/css/dashboard.css?ver=5.6.0" "Mozilla/5.0 (X11; Ubuntu; Linux x86_64; rv:92.0) Gecko/20100101 Firefox/92.0"
41.249.84.5 - - [16/Sep/2021:19:16:04 +0100] "GET /wp-content/plugins/astra-sites/inc/assets/js/install-theme.js?ver=2.6.22 HTTP/2.0" 200 951 "https://www.vmachine.cloud/wp-admin/index.php" "Mozilla/5.0 (X11; Ubuntu; Linux x86_64; rv:92.0) Gecko/20100101 Firefox/92.0"
41.249.84.5 - - [16/Sep/2021:19:16:04 +0100] "GET /wp-content/plugins/woocommerce/assets/js/admin/wc-status-widget.min.js?ver=5.6.0 HTTP/2.0" 200 220 "https://www.vmachine.cloud/wp-admin/index.php" "Mozilla/5.0 (X11; Ubuntu; Linux x86_64; rv:92.0) Gecko/20100101 Firefox/92.0"
41.249.84.5 - - [16/Sep/2021:19:16:05 +0100] "GET /wp-includes/js/thickbox/loadingAnimation.gif HTTP/2.0" 200 15238 "https://www.vmachine.cloud/wp-admin/index.php" "Mozilla/5.0 (X11; Ubuntu; Linux x86_64; rv:92.0) Gecko/20100101 Firefox/92.0"
41.249.84.5 - - [16/Sep/2021:19:16:05 +0100] "GET /favicon.ico HTTP/2.0" 404 235 "https://www.vmachine.cloud/wp-admin/index.php" "Mozilla/5.0 (X11; Ubuntu; Linux x86_64; rv:92.0) Gecko/20100101 Firefox/92.0"
41.249.84.5 - - [16/Sep/2021:19:17:05 +0100] "POST /wp-admin/admin-ajax.php HTTP/2.0" 404 235 "https://www.vmachine.cloud/wp-admin/index.php" "Mozilla/5.0 (X11; Ubuntu; Linux x86_64; rv:92.0) Gecko/20100101 Firefox/92.0"
41.249.84.5 - - [16/Sep/2021:19:17:21 +0100] "GET /wp-admin/index.php HTTP/2.0" 404 235 "-" "Mozilla/5.0 (X11; Ubuntu; Linux x86_64; rv:92.0) Gecko/20100101 Firefox/92.0"
41.249.84.5 - - [16/Sep/2021:19:17:24 +0100] "GET /wp-admin/index.php HTTP/2.0" 404 235 "-" "Mozilla/5.0 (X11; Ubuntu; Linux x86_64; rv:92.0) Gecko/20100101 Firefox/92.0"
41.249.84.5 - - [16/Sep/2021:19:17:27 +0100] "GET /wp-admin/index.php HTTP/2.0" 404 235 "-" "Mozilla/5.0 (X11; Ubuntu; Linux x86_64; rv:92.0) Gecko/20100101 Firefox/92.0"
41.249.84.5 - - [16/Sep/2021:19:18:02 +0100] "GET /wp-admin/index.php HTTP/2.0" 404 235 "-" "Mozilla/5.0 (X11; Ubuntu; Linux x86_64; rv:92.0) Gecko/20100101 Firefox/92.0"
41.249.84.5 - - [16/Sep/2021:19:18:03 +0100] "GET /wp-admin/index.php HTTP/2.0" 404 235 "-" "Mozilla/5.0 (X11; Ubuntu; Linux x86_64; rv:92.0) Gecko/20100101 Firefox/92.0"
41.249.84.5 - - [16/Sep/2021:19:18:05 +0100] "GET /wp-admin/index.php HTTP/2.0" 404 235 "-" "Mozilla/5.0 (X11; Ubuntu; Linux x86_64; rv:92.0) Gecko/20100101 Firefox/92.0"
41.249.84.5 - - [16/Sep/2021:19:19:55 +0100] "GET / HTTP/2.0" 302 0 "-" "Mozilla/5.0 (X11; Ubuntu; Linux x86_64; rv:92.0) Gecko/20100101 Firefox/92.0"
41.249.84.5 - - [16/Sep/2021:19:19:56 +0100] "GET /wp-admin/install.php HTTP/2.0" 200 4187 "-" "Mozilla/5.0 (X11; Ubuntu; Linux x86_64; rv:92.0) Gecko/20100101 Firefox/92.0"
41.249.84.5 - - [16/Sep/2021:19:20:16 +0100] "POST /wp-admin/install.php?step=1 HTTP/2.0" 200 2451 "https://www.vmachine.cloud/wp-admin/install.php" "Mozilla/5.0 (X11; Ubuntu; Linux x86_64; rv:92.0) Gecko/20100101 Firefox/92.0"
