41.249.84.5 - - [16/Sep/2021:17:18:58 +0100] "GET /wp-content/themes/astra/inc/builder/type/header/widget/assets/js/minified/customizer-preview.min.js?ver=3.7.2 HTTP/2.0" 200 42 "https://www.vmachine.cloud/?customize_changeset_uuid=9f86e00c-23d7-4486-8b3a-3b9c8b1da404&customize_theme=astra&customize_messenger_channel=preview-0" "Mozilla/5.0 (X11; Ubuntu; Linux x86_64; rv:92.0) Gecko/20100101 Firefox/92.0"
41.249.84.5 - - [16/Sep/2021:17:18:58 +0100] "GET /wp-content/themes/astra/inc/builder/type/header/mobile-trigger/assets/js/minified/customizer-preview.min.js?ver=3.7.2 HTTP/2.0" 200 683 "https://www.vmachine.cloud/?customize_changeset_uuid=9f86e00c-23d7-4486-8b3a-3b9c8b1da404&customize_theme=astra&customize_messenger_channel=preview-0" "Mozilla/5.0 (X11; Ubuntu; Linux x86_64; rv:92.0) Gecko/20100101 Firefox/92.0"
41.249.84.5 - - [16/Sep/2021:17:18:58 +0100] "GET /wp-content/themes/astra/inc/builder/type/header/above-header/assets/js/minified/customizer-preview.min.js?ver=3.7.2 HTTP/2.0" 200 522 "https://www.vmachine.cloud/?customize_changeset_uuid=9f86e00c-23d7-4486-8b3a-3b9c8b1da404&customize_theme=astra&customize_messenger_channel=preview-0" "Mozilla/5.0 (X11; Ubuntu; Linux x86_64; rv:92.0) Gecko/20100101 Firefox/92.0"
41.249.84.5 - - [16/Sep/2021:17:18:58 +0100] "GET /wp-content/themes/astra/inc/builder/type/footer/below-footer/assets/js/minified/customizer-preview.min.js?ver=3.7.2 HTTP/2.0" 200 666 "https://www.vmachine.cloud/?customize_changeset_uuid=9f86e00c-23d7-4486-8b3a-3b9c8b1da404&customize_theme=astra&customize_messenger_channel=preview-0" "Mozilla/5.0 (X11; Ubuntu; Linux x86_64; rv:92.0) Gecko/20100101 Firefox/92.0"
41.249.84.5 - - [16/Sep/2021:17:18:58 +0100] "GET /wp-content/themes/astra/inc/builder/type/header/mobile-menu/assets/js/minified/customizer-preview.min.js?ver=3.7.2 HTTP/2.0" 200 1330 "https://www.vmachine.cloud/?customize_changeset_uuid=9f86e00c-23d7-4486-8b3a-3b9c8b1da404&customize_theme=astra&customize_messenger_channel=preview-0" "Mozilla/5.0 (X11; Ubuntu; Linux x86_64; rv:92.0) Gecko/20100101 Firefox/92.0"
41.249.84.5 - - [16/Sep/2021:17:18:58 +0100] "GET /wp-content/themes/astra/inc/builder/type/header/below-header/assets/js/minified/customizer-preview.min.js?ver=3.7.2 HTTP/2.0" 200 533 "https://www.vmachine.cloud/?customize_changeset_uuid=9f86e00c-23d7-4486-8b3a-3b9c8b1da404&customize_theme=astra&customize_messenger_channel=preview-0" "Mozilla/5.0 (X11; Ubuntu; Linux x86_64; rv:92.0) Gecko/20100101 Firefox/92.0"
41.249.84.5 - - [16/Sep/2021:17:18:58 +0100] "GET /wp-content/themes/astra/inc/builder/type/footer/html/assets/js/minified/customizer-preview.min.js?ver=3.7.2 HTTP/2.0" 200 388 "https://www.vmachine.cloud/?customize_changeset_uuid=9f86e00c-23d7-4486-8b3a-3b9c8b1da404&customize_theme=astra&customize_messenger_channel=preview-0" "Mozilla/5.0 (X11; Ubuntu; Linux x86_64; rv:92.0) Gecko/20100101 Firefox/92.0"
41.249.84.5 - - [16/Sep/2021:17:18:58 +0100] "GET /wp-content/themes/astra/inc/builder/type/footer/menu/assets/js/minified/customizer-preview.min.js?ver=3.7.2 HTTP/2.0" 200 821 "https://www.vmachine.cloud/?customize_changeset_uuid=9f86e00c-23d7-4486-8b3a-3b9c8b1da404&customize_theme=astra&customize_messenger_channel=preview-0" "Mozilla/5.0 (X11; Ubuntu; Linux x86_64; rv:92.0) Gecko/20100101 Firefox/92.0"
41.249.84.5 - - [16/Sep/2021:17:18:58 +0100] "GET /wp-content/themes/astra/inc/builder/type/footer/button/assets/js/minified/customizer-preview.min.js?ver=3.7.2 HTTP/2.0" 200 93 "https://www.vmachine.cloud/?customize_changeset_uuid=9f86e00c-23d7-4486-8b3a-3b9c8b1da404&customize_theme=astra&customize_messenger_channel=preview-0" "Mozilla/5.0 (X11; Ubuntu; Linux x86_64; rv:92.0) Gecko/20100101 Firefox/92.0"
41.249.84.5 - - [16/Sep/2021:17:18:58 +0100] "GET /wp-content/themes/astra/inc/builder/type/footer/copyright/assets/js/minified/customizer-preview.min.js?ver=3.7.2 HTTP/2.0" 200 554 "https://www.vmachine.cloud/?customize_changeset_uuid=9f86e00c-23d7-4486-8b3a-3b9c8b1da404&customize_theme=astra&customize_messenger_channel=preview-0" "Mozilla/5.0 (X11; Ubuntu; Linux x86_64; rv:92.0) Gecko/20100101 Firefox/92.0"
41.249.84.5 - - [16/Sep/2021:17:18:58 +0100] "GET /wp-content/themes/astra/inc/builder/type/footer/social-icon/assets/js/minified/customizer-preview.min.js?ver=3.7.2 HTTP/2.0" 200 89 "https://www.vmachine.cloud/?customize_changeset_uuid=9f86e00c-23d7-4486-8b3a-3b9c8b1da404&customize_theme=astra&customize_messenger_channel=preview-0" "Mozilla/5.0 (X11; Ubuntu; Linux x86_64; rv:92.0) Gecko/20100101 Firefox/92.0"
41.249.84.5 - - [16/Sep/2021:17:18:58 +0100] "GET /wp-content/themes/astra/inc/builder/type/footer/above-footer/assets/js/minified/customizer-preview.min.js?ver=3.7.2 HTTP/2.0" 200 670 "https://www.vmachine.cloud/?customize_changeset_uuid=9f86e00c-23d7-4486-8b3a-3b9c8b1da404&customize_theme=astra&customize_messenger_channel=preview-0" "Mozilla/5.0 (X11; Ubuntu; Linux x86_64; rv:92.0) Gecko/20100101 Firefox/92.0"
41.249.84.5 - - [16/Sep/2021:17:18:58 +0100] "GET /wp-content/themes/astra/inc/builder/type/footer/widget/assets/js/minified/customizer-preview.min.js?ver=3.7.2 HTTP/2.0" 200 42 "https://www.vmachine.cloud/?customize_changeset_uuid=9f86e00c-23d7-4486-8b3a-3b9c8b1da404&customize_theme=astra&customize_messenger_channel=preview-0" "Mozilla/5.0 (X11; Ubuntu; Linux x86_64; rv:92.0) Gecko/20100101 Firefox/92.0"
41.249.84.5 - - [16/Sep/2021:17:18:58 +0100] "GET /wp-content/themes/astra/assets/js/minified/mobile-cart.min.js?ver=3.7.2 HTTP/2.0" 200 794 "https://www.vmachine.cloud/?customize_changeset_uuid=9f86e00c-23d7-4486-8b3a-3b9c8b1da404&customize_theme=astra&customize_messenger_channel=preview-0" "Mozilla/5.0 (X11; Ubuntu; Linux x86_64; rv:92.0) Gecko/20100101 Firefox/92.0"
41.249.84.5 - - [16/Sep/2021:17:18:58 +0100] "GET /wp-content/themes/astra/assets/js/minified/frontend.min.js?ver=3.7.2 HTTP/2.0" 200 3834 "https://www.vmachine.cloud/?customize_changeset_uuid=9f86e00c-23d7-4486-8b3a-3b9c8b1da404&customize_theme=astra&customize_messenger_channel=preview-0" "Mozilla/5.0 (X11; Ubuntu; Linux x86_64; rv:92.0) Gecko/20100101 Firefox/92.0"
41.249.84.5 - - [16/Sep/2021:17:18:58 +0100] "GET /wp-content/themes/astra/inc/builder/type/footer/primary-footer/assets/js/minified/customizer-preview.min.js?ver=3.7.2 HTTP/2.0" 200 688 "https://www.vmachine.cloud/?customize_changeset_uuid=9f86e00c-23d7-4486-8b3a-3b9c8b1da404&customize_theme=astra&customize_messenger_channel=preview-0" "Mozilla/5.0 (X11; Ubuntu; Linux x86_64; rv:92.0) Gecko/20100101 Firefox/92.0"
35.206.70.155 - - [16/Sep/2021:17:18:59 +0100] "POST /wp-cron.php?doing_wp_cron=1631809139.8185179233551025390625 HTTP/1.1" 200 0 "https://www.vmachine.cloud/wp-cron.php?doing_wp_cron=1631809139.8185179233551025390625" "WordPress/5.8.1; https://www.vmachine.cloud"
41.249.84.5 - - [16/Sep/2021:17:19:00 +0100] "POST /wp-admin/admin-ajax.php HTTP/2.0" 200 1448 "https://www.vmachine.cloud/wp-admin/customize.php?theme=astra&return=https%3A%2F%2Fwww.vmachine.cloud%2Fwp-admin%2F" "Mozilla/5.0 (X11; Ubuntu; Linux x86_64; rv:92.0) Gecko/20100101 Firefox/92.0"
41.249.84.5 - - [16/Sep/2021:17:19:13 +0100] "POST /wp-admin/admin-ajax.php HTTP/2.0" 404 50 "https://www.vmachine.cloud/wp-admin/customize.php?theme=astra&return=https%3A%2F%2Fwww.vmachine.cloud%2Fwp-admin%2F" "Mozilla/5.0 (X11; Ubuntu; Linux x86_64; rv:92.0) Gecko/20100101 Firefox/92.0"
35.206.70.155 - - [16/Sep/2021:17:19:13 +0100] "POST /wp-cron.php?doing_wp_cron=1631809153.4319410324096679687500 HTTP/1.1" 200 0 "https://www.vmachine.cloud/wp-cron.php?doing_wp_cron=1631809153.4319410324096679687500" "WordPress/5.8.1; https://www.vmachine.cloud"
41.249.84.5 - - [16/Sep/2021:17:19:13 +0100] "GET /wp-admin/ HTTP/2.0" 200 18286 "https://www.vmachine.cloud/wp-admin/customize.php?theme=astra&return=https%3A%2F%2Fwww.vmachine.cloud%2Fwp-admin%2F" "Mozilla/5.0 (X11; Ubuntu; Linux x86_64; rv:92.0) Gecko/20100101 Firefox/92.0"
41.249.84.5 - - [16/Sep/2021:17:19:14 +0100] "GET /favicon.ico HTTP/2.0" 404 235 "https://www.vmachine.cloud/wp-admin/" "Mozilla/5.0 (X11; Ubuntu; Linux x86_64; rv:92.0) Gecko/20100101 Firefox/92.0"
41.249.84.5 - - [16/Sep/2021:17:19:14 +0100] "GET /wp-admin/install.php HTTP/2.0" 499 0 "https://www.vmachine.cloud/wp-admin/" "Mozilla/5.0 (X11; Ubuntu; Linux x86_64; rv:92.0) Gecko/20100101 Firefox/92.0"
41.249.84.5 - - [16/Sep/2021:17:19:22 +0100] "GET /wp-admin/themes.php?page=astra HTTP/2.0" 200 10415 "https://www.vmachine.cloud/wp-admin/" "Mozilla/5.0 (X11; Ubuntu; Linux x86_64; rv:92.0) Gecko/20100101 Firefox/92.0"
41.249.84.5 - - [16/Sep/2021:17:19:22 +0100] "GET /wp-content/themes/astra/inc/assets/css/astra-admin-menu-settings.css?ver=3.7.2 HTTP/2.0" 200 1474 "https://www.vmachine.cloud/wp-admin/themes.php?page=astra" "Mozilla/5.0 (X11; Ubuntu; Linux x86_64; rv:92.0) Gecko/20100101 Firefox/92.0"
41.249.84.5 - - [16/Sep/2021:17:19:24 +0100] "GET /wp-admin/load-scripts.php?c=0&load%5Bchunk_0%5D=hoverintent-js,admin-bar,svg-painter,heartbeat&ver=5.8.1 HTTP/2.0" 499 0 "https://www.vmachine.cloud/wp-admin/themes.php?page=astra" "Mozilla/5.0 (X11; Ubuntu; Linux x86_64; rv:92.0) Gecko/20100101 Firefox/92.0"
41.249.84.5 - - [16/Sep/2021:17:19:24 +0100] "GET /wp-content/themes/astra/inc/assets/images/astra.svg HTTP/2.0" 200 2869 "https://www.vmachine.cloud/wp-admin/themes.php?page=astra" "Mozilla/5.0 (X11; Ubuntu; Linux x86_64; rv:92.0) Gecko/20100101 Firefox/92.0"
41.249.84.5 - - [16/Sep/2021:17:19:24 +0100] "GET /wp-content/themes/astra/inc/assets/images/lightning-speed.svg HTTP/2.0" 200 684 "https://www.vmachine.cloud/wp-admin/themes.php?page=astra" "Mozilla/5.0 (X11; Ubuntu; Linux x86_64; rv:92.0) Gecko/20100101 Firefox/92.0"
41.249.84.5 - - [16/Sep/2021:17:19:24 +0100] "GET /wp-content/themes/astra/inc/assets/js/astra-admin-menu-settings.js?ver=3.7.2 HTTP/2.0" 200 2147 "https://www.vmachine.cloud/wp-admin/themes.php?page=astra" "Mozilla/5.0 (X11; Ubuntu; Linux x86_64; rv:92.0) Gecko/20100101 Firefox/92.0"
41.249.84.5 - - [16/Sep/2021:17:19:24 +0100] "GET /wp-content/themes/astra/assets/images/astra-starter-sites.jpg HTTP/2.0" 200 32805 "https://www.vmachine.cloud/wp-admin/themes.php?page=astra" "Mozilla/5.0 (X11; Ubuntu; Linux x86_64; rv:92.0) Gecko/20100101 Firefox/92.0"
41.249.84.5 - - [16/Sep/2021:17:19:28 +0100] "POST /wp-admin/admin-ajax.php HTTP/2.0" 200 297 "https://www.vmachine.cloud/wp-admin/themes.php?page=astra" "Mozilla/5.0 (X11; Ubuntu; Linux x86_64; rv:92.0) Gecko/20100101 Firefox/92.0"
41.249.84.5 - - [16/Sep/2021:17:19:29 +0100] "POST /wp-admin/admin-ajax.php HTTP/2.0" 200 126 "https://www.vmachine.cloud/wp-admin/themes.php?page=astra" "Mozilla/5.0 (X11; Ubuntu; Linux x86_64; rv:92.0) Gecko/20100101 Firefox/92.0"
35.206.70.155 - - [16/Sep/2021:17:19:30 +0100] "POST /wp-cron.php?doing_wp_cron=1631809170.6176838874816894531250 HTTP/1.1" 200 0 "https://www.vmachine.cloud/wp-cron.php?doing_wp_cron=1631809170.6176838874816894531250" "WordPress/5.8.1; https://www.vmachine.cloud"
35.206.70.155 - - [16/Sep/2021:17:19:31 +0100] "POST /wp-admin/admin-ajax.php?action=wp_astra_site_importer&nonce=a27bce99ac HTTP/1.1" 499 0 "https://www.vmachine.cloud/wp-admin/admin-ajax.php?action=wp_astra_site_importer&nonce=a27bce99ac" "WordPress/5.8.1; https://www.vmachine.cloud"
41.249.84.5 - - [16/Sep/2021:17:19:32 +0100] "GET /wp-admin/themes.php?page=starter-templates&ast-disable-activation-notice HTTP/2.0" 200 11747 "https://www.vmachine.cloud/wp-admin/themes.php?page=astra" "Mozilla/5.0 (X11; Ubuntu; Linux x86_64; rv:92.0) Gecko/20100101 Firefox/92.0"
35.206.70.155 - - [16/Sep/2021:17:19:32 +0100] "POST /wp-cron.php?doing_wp_cron=1631809171.0523769855499267578125 HTTP/1.1" 499 0 "https://www.vmachine.cloud/wp-cron.php?doing_wp_cron=1631809171.0523769855499267578125" "WordPress/5.8.1; https://www.vmachine.cloud"
41.249.84.5 - - [16/Sep/2021:17:19:32 +0100] "GET /wp-content/plugins/astra-sites/inc/assets/css/import-status.css?ver=2.6.22 HTTP/2.0" 200 689 "https://www.vmachine.cloud/wp-admin/themes.php?page=starter-templates&ast-disable-activation-notice" "Mozilla/5.0 (X11; Ubuntu; Linux x86_64; rv:92.0) Gecko/20100101 Firefox/92.0"
41.249.84.5 - - [16/Sep/2021:17:19:32 +0100] "GET /wp-content/plugins/astra-sites/assets/css/admin.css?ver=1 HTTP/2.0" 200 548 "https://www.vmachine.cloud/wp-admin/themes.php?page=starter-templates&ast-disable-activation-notice" "Mozilla/5.0 (X11; Ubuntu; Linux x86_64; rv:92.0) Gecko/20100101 Firefox/92.0"
41.249.84.5 - - [16/Sep/2021:17:19:32 +0100] "GET /wp-content/plugins/astra-sites/inc/assets/css/install-theme.css?ver=2.6.22 HTTP/2.0" 200 261 "https://www.vmachine.cloud/wp-admin/themes.php?page=starter-templates&ast-disable-activation-notice" "Mozilla/5.0 (X11; Ubuntu; Linux x86_64; rv:92.0) Gecko/20100101 Firefox/92.0"
41.249.84.5 - - [16/Sep/2021:17:19:32 +0100] "GET /wp-content/plugins/astra-sites/inc/assets/css/admin.css?ver=1 HTTP/2.0" 200 11630 "https://www.vmachine.cloud/wp-admin/themes.php?page=starter-templates&ast-disable-activation-notice" "Mozilla/5.0 (X11; Ubuntu; Linux x86_64; rv:92.0) Gecko/20100101 Firefox/92.0"
41.249.84.5 - - [16/Sep/2021:17:19:32 +0100] "GET /wp-content/plugins/astra-sites/inc/assets/images/logo.svg HTTP/2.0" 200 2605 "https://www.vmachine.cloud/wp-admin/themes.php?page=starter-templates&ast-disable-activation-notice" "Mozilla/5.0 (X11; Ubuntu; Linux x86_64; rv:92.0) Gecko/20100101 Firefox/92.0"
41.249.84.5 - - [16/Sep/2021:17:19:32 +0100] "GET /wp-content/plugins/astra-sites/inc/assets/images/block-editor.png HTTP/2.0" 200 25002 "https://www.vmachine.cloud/wp-admin/themes.php?page=starter-templates&ast-disable-activation-notice" "Mozilla/5.0 (X11; Ubuntu; Linux x86_64; rv:92.0) Gecko/20100101 Firefox/92.0"
41.249.84.5 - - [16/Sep/2021:17:19:33 +0100] "GET /wp-content/plugins/astra-sites/inc/assets/images/beaver-builder.jpg HTTP/2.0" 200 6598 "https://www.vmachine.cloud/wp-admin/themes.php?page=starter-templates&ast-disable-activation-notice" "Mozilla/5.0 (X11; Ubuntu; Linux x86_64; rv:92.0) Gecko/20100101 Firefox/92.0"
41.249.84.5 - - [16/Sep/2021:17:19:33 +0100] "GET /wp-content/plugins/astra-sites/inc/assets/images/brizy.jpg HTTP/2.0" 200 4123 "https://www.vmachine.cloud/wp-admin/themes.php?page=starter-templates&ast-disable-activation-notice" "Mozilla/5.0 (X11; Ubuntu; Linux x86_64; rv:92.0) Gecko/20100101 Firefox/92.0"
41.249.84.5 - - [16/Sep/2021:17:19:33 +0100] "GET /wp-content/plugins/astra-sites/inc/assets/images/elementor.jpg HTTP/2.0" 200 6532 "https://www.vmachine.cloud/wp-admin/themes.php?page=starter-templates&ast-disable-activation-notice" "Mozilla/5.0 (X11; Ubuntu; Linux x86_64; rv:92.0) Gecko/20100101 Firefox/92.0"
41.249.84.5 - - [16/Sep/2021:17:19:33 +0100] "GET /wp-content/plugins/astra-sites/inc/assets/js/astra-sites-api.js?ver=2.6.22 HTTP/2.0" 200 591 "https://www.vmachine.cloud/wp-admin/themes.php?page=starter-templates&ast-disable-activation-notice" "Mozilla/5.0 (X11; Ubuntu; Linux x86_64; rv:92.0) Gecko/20100101 Firefox/92.0"
41.249.84.5 - - [16/Sep/2021:17:19:33 +0100] "GET /wp-content/plugins/astra-sites/inc/assets/images/quick-link-logo.svg HTTP/2.0" 200 803 "https://www.vmachine.cloud/wp-admin/themes.php?page=starter-templates&ast-disable-activation-notice" "Mozilla/5.0 (X11; Ubuntu; Linux x86_64; rv:92.0) Gecko/20100101 Firefox/92.0"
41.249.84.5 - - [16/Sep/2021:17:19:33 +0100] "GET /wp-content/plugins/astra-sites/inc/lib/bsf-quick-links/quicklink.css?ver=1.0.0 HTTP/2.0" 200 717 "https://www.vmachine.cloud/wp-admin/themes.php?page=starter-templates&ast-disable-activation-notice" "Mozilla/5.0 (X11; Ubuntu; Linux x86_64; rv:92.0) Gecko/20100101 Firefox/92.0"
41.249.84.5 - - [16/Sep/2021:17:19:33 +0100] "GET /wp-content/plugins/astra-sites/assets/js/admin.js?ver=2.6.22 HTTP/2.0" 200 530 "https://www.vmachine.cloud/wp-admin/themes.php?page=starter-templates&ast-disable-activation-notice" "Mozilla/5.0 (X11; Ubuntu; Linux x86_64; rv:92.0) Gecko/20100101 Firefox/92.0"
41.249.84.5 - - [16/Sep/2021:17:19:33 +0100] "GET /wp-content/plugins/astra-sites/inc/assets/js/install-theme.js?ver=2.6.22 HTTP/2.0" 200 951 "https://www.vmachine.cloud/wp-admin/themes.php?page=starter-templates&ast-disable-activation-notice" "Mozilla/5.0 (X11; Ubuntu; Linux x86_64; rv:92.0) Gecko/20100101 Firefox/92.0"
41.249.84.5 - - [16/Sep/2021:17:19:33 +0100] "GET /wp-content/plugins/astra-sites/inc/assets/js/fetch.umd.js?ver=2.6.22 HTTP/2.0" 200 3999 "https://www.vmachine.cloud/wp-admin/themes.php?page=starter-templates&ast-disable-activation-notice" "Mozilla/5.0 (X11; Ubuntu; Linux x86_64; rv:92.0) Gecko/20100101 Firefox/92.0"
41.249.84.5 - - [16/Sep/2021:17:19:33 +0100] "GET /wp-content/plugins/astra-sites/inc/assets/js/history.js?ver=2.6.22 HTTP/2.0" 200 4797 "https://www.vmachine.cloud/wp-admin/themes.php?page=starter-templates&ast-disable-activation-notice" "Mozilla/5.0 (X11; Ubuntu; Linux x86_64; rv:92.0) Gecko/20100101 Firefox/92.0"
41.249.84.5 - - [16/Sep/2021:17:19:33 +0100] "GET /wp-content/plugins/astra-sites/inc/lib/bsf-quick-links/quicklinks.js?ver=1.0.0 HTTP/2.0" 200 620 "https://www.vmachine.cloud/wp-admin/themes.php?page=starter-templates&ast-disable-activation-notice" "Mozilla/5.0 (X11; Ubuntu; Linux x86_64; rv:92.0) Gecko/20100101 Firefox/92.0"
41.249.84.5 - - [16/Sep/2021:17:19:33 +0100] "GET /wp-content/plugins/astra-sites/inc/assets/js/admin-page.js?ver=2.6.22 HTTP/2.0" 200 23199 "https://www.vmachine.cloud/wp-admin/themes.php?page=starter-templates&ast-disable-activation-notice" "Mozilla/5.0 (X11; Ubuntu; Linux x86_64; rv:92.0) Gecko/20100101 Firefox/92.0"
41.249.84.5 - - [16/Sep/2021:17:19:34 +0100] "GET /favicon.ico HTTP/2.0" 404 235 "https://www.vmachine.cloud/wp-admin/themes.php?page=starter-templates&ast-disable-activation-notice" "Mozilla/5.0 (X11; Ubuntu; Linux x86_64; rv:92.0) Gecko/20100101 Firefox/92.0"
41.249.84.5 - - [16/Sep/2021:17:19:34 +0100] "GET /wp-admin/install.php HTTP/2.0" 499 0 "https://www.vmachine.cloud/wp-admin/themes.php?page=starter-templates&ast-disable-activation-notice" "Mozilla/5.0 (X11; Ubuntu; Linux x86_64; rv:92.0) Gecko/20100101 Firefox/92.0"
41.249.84.5 - - [16/Sep/2021:17:20:34 +0100] "POST /wp-admin/admin-ajax.php HTTP/2.0" 200 47 "https://www.vmachine.cloud/wp-admin/themes.php?page=starter-templates&ast-disable-activation-notice" "Mozilla/5.0 (X11; Ubuntu; Linux x86_64; rv:92.0) Gecko/20100101 Firefox/92.0"
41.249.84.5 - - [16/Sep/2021:17:21:34 +0100] "POST /wp-admin/admin-ajax.php HTTP/2.0" 200 47 "https://www.vmachine.cloud/wp-admin/themes.php?page=starter-templates&ast-disable-activation-notice" "Mozilla/5.0 (X11; Ubuntu; Linux x86_64; rv:92.0) Gecko/20100101 Firefox/92.0"
41.249.84.5 - - [16/Sep/2021:17:22:34 +0100] "POST /wp-admin/admin-ajax.php HTTP/2.0" 200 47 "https://www.vmachine.cloud/wp-admin/themes.php?page=starter-templates&ast-disable-activation-notice" "Mozilla/5.0 (X11; Ubuntu; Linux x86_64; rv:92.0) Gecko/20100101 Firefox/92.0"
41.249.84.5 - - [16/Sep/2021:17:23:34 +0100] "POST /wp-admin/admin-ajax.php HTTP/2.0" 200 47 "https://www.vmachine.cloud/wp-admin/themes.php?page=starter-templates&ast-disable-activation-notice" "Mozilla/5.0 (X11; Ubuntu; Linux x86_64; rv:92.0) Gecko/20100101 Firefox/92.0"
41.249.84.5 - - [16/Sep/2021:17:24:34 +0100] "POST /wp-admin/admin-ajax.php HTTP/2.0" 200 47 "https://www.vmachine.cloud/wp-admin/themes.php?page=starter-templates&ast-disable-activation-notice" "Mozilla/5.0 (X11; Ubuntu; Linux x86_64; rv:92.0) Gecko/20100101 Firefox/92.0"
199.19.224.165 - - [16/Sep/2021:17:24:59 +0100] "GET /config/getuser?index=0 HTTP/1.1" 301 162 "-" "Mozilla/5.0 (X11; Ubuntu; Linux x86_64; rv:76.0) Gecko/20100101 Firefox/76.0"
41.249.84.5 - - [16/Sep/2021:17:25:34 +0100] "POST /wp-admin/admin-ajax.php HTTP/2.0" 200 47 "https://www.vmachine.cloud/wp-admin/themes.php?page=starter-templates&ast-disable-activation-notice" "Mozilla/5.0 (X11; Ubuntu; Linux x86_64; rv:92.0) Gecko/20100101 Firefox/92.0"
41.249.84.5 - - [16/Sep/2021:17:26:34 +0100] "POST /wp-admin/admin-ajax.php HTTP/2.0" 200 47 "https://www.vmachine.cloud/wp-admin/themes.php?page=starter-templates&ast-disable-activation-notice" "Mozilla/5.0 (X11; Ubuntu; Linux x86_64; rv:92.0) Gecko/20100101 Firefox/92.0"
41.249.84.5 - - [16/Sep/2021:17:27:34 +0100] "POST /wp-admin/admin-ajax.php HTTP/2.0" 200 47 "https://www.vmachine.cloud/wp-admin/themes.php?page=starter-templates&ast-disable-activation-notice" "Mozilla/5.0 (X11; Ubuntu; Linux x86_64; rv:92.0) Gecko/20100101 Firefox/92.0"
41.249.84.5 - - [16/Sep/2021:17:28:34 +0100] "POST /wp-admin/admin-ajax.php HTTP/2.0" 200 47 "https://www.vmachine.cloud/wp-admin/themes.php?page=starter-templates&ast-disable-activation-notice" "Mozilla/5.0 (X11; Ubuntu; Linux x86_64; rv:92.0) Gecko/20100101 Firefox/92.0"
41.249.84.5 - - [16/Sep/2021:17:29:34 +0100] "POST /wp-admin/admin-ajax.php HTTP/2.0" 200 47 "https://www.vmachine.cloud/wp-admin/themes.php?page=starter-templates&ast-disable-activation-notice" "Mozilla/5.0 (X11; Ubuntu; Linux x86_64; rv:92.0) Gecko/20100101 Firefox/92.0"
107.189.14.98 - - [16/Sep/2021:17:29:51 +0100] "GET / HTTP/1.1" 301 162 "-" "Linux Gnu (cow)"
41.249.84.5 - - [16/Sep/2021:17:30:34 +0100] "POST /wp-admin/admin-ajax.php HTTP/2.0" 200 47 "https://www.vmachine.cloud/wp-admin/themes.php?page=starter-templates&ast-disable-activation-notice" "Mozilla/5.0 (X11; Ubuntu; Linux x86_64; rv:92.0) Gecko/20100101 Firefox/92.0"
41.249.84.5 - - [16/Sep/2021:17:31:34 +0100] "POST /wp-admin/admin-ajax.php HTTP/2.0" 200 47 "https://www.vmachine.cloud/wp-admin/themes.php?page=starter-templates&ast-disable-activation-notice" "Mozilla/5.0 (X11; Ubuntu; Linux x86_64; rv:92.0) Gecko/20100101 Firefox/92.0"
41.249.84.5 - - [16/Sep/2021:17:32:34 +0100] "POST /wp-admin/admin-ajax.php HTTP/2.0" 200 47 "https://www.vmachine.cloud/wp-admin/themes.php?page=starter-templates&ast-disable-activation-notice" "Mozilla/5.0 (X11; Ubuntu; Linux x86_64; rv:92.0) Gecko/20100101 Firefox/92.0"
41.249.84.5 - - [16/Sep/2021:17:33:34 +0100] "POST /wp-admin/admin-ajax.php HTTP/2.0" 200 47 "https://www.vmachine.cloud/wp-admin/themes.php?page=starter-templates&ast-disable-activation-notice" "Mozilla/5.0 (X11; Ubuntu; Linux x86_64; rv:92.0) Gecko/20100101 Firefox/92.0"
41.249.84.5 - - [16/Sep/2021:17:34:34 +0100] "POST /wp-admin/admin-ajax.php HTTP/2.0" 200 47 "https://www.vmachine.cloud/wp-admin/themes.php?page=starter-templates&ast-disable-activation-notice" "Mozilla/5.0 (X11; Ubuntu; Linux x86_64; rv:92.0) Gecko/20100101 Firefox/92.0"
41.249.84.5 - - [16/Sep/2021:17:35:34 +0100] "POST /wp-admin/admin-ajax.php HTTP/2.0" 200 47 "https://www.vmachine.cloud/wp-admin/themes.php?page=starter-templates&ast-disable-activation-notice" "Mozilla/5.0 (X11; Ubuntu; Linux x86_64; rv:92.0) Gecko/20100101 Firefox/92.0"
41.249.84.5 - - [16/Sep/2021:17:36:34 +0100] "POST /wp-admin/admin-ajax.php HTTP/2.0" 200 47 "https://www.vmachine.cloud/wp-admin/themes.php?page=starter-templates&ast-disable-activation-notice" "Mozilla/5.0 (X11; Ubuntu; Linux x86_64; rv:92.0) Gecko/20100101 Firefox/92.0"
41.249.84.5 - - [16/Sep/2021:17:37:34 +0100] "POST /wp-admin/admin-ajax.php HTTP/2.0" 200 47 "https://www.vmachine.cloud/wp-admin/themes.php?page=starter-templates&ast-disable-activation-notice" "Mozilla/5.0 (X11; Ubuntu; Linux x86_64; rv:92.0) Gecko/20100101 Firefox/92.0"
41.249.84.5 - - [16/Sep/2021:17:38:34 +0100] "POST /wp-admin/admin-ajax.php HTTP/2.0" 200 47 "https://www.vmachine.cloud/wp-admin/themes.php?page=starter-templates&ast-disable-activation-notice" "Mozilla/5.0 (X11; Ubuntu; Linux x86_64; rv:92.0) Gecko/20100101 Firefox/92.0"
41.249.84.5 - - [16/Sep/2021:17:39:34 +0100] "POST /wp-admin/admin-ajax.php HTTP/2.0" 200 47 "https://www.vmachine.cloud/wp-admin/themes.php?page=starter-templates&ast-disable-activation-notice" "Mozilla/5.0 (X11; Ubuntu; Linux x86_64; rv:92.0) Gecko/20100101 Firefox/92.0"
41.249.84.5 - - [16/Sep/2021:17:40:34 +0100] "POST /wp-admin/admin-ajax.php HTTP/2.0" 200 47 "https://www.vmachine.cloud/wp-admin/themes.php?page=starter-templates&ast-disable-activation-notice" "Mozilla/5.0 (X11; Ubuntu; Linux x86_64; rv:92.0) Gecko/20100101 Firefox/92.0"
41.249.84.5 - - [16/Sep/2021:17:41:34 +0100] "POST /wp-admin/admin-ajax.php HTTP/2.0" 200 47 "https://www.vmachine.cloud/wp-admin/themes.php?page=starter-templates&ast-disable-activation-notice" "Mozilla/5.0 (X11; Ubuntu; Linux x86_64; rv:92.0) Gecko/20100101 Firefox/92.0"
41.249.84.5 - - [16/Sep/2021:17:42:34 +0100] "POST /wp-admin/admin-ajax.php HTTP/2.0" 200 47 "https://www.vmachine.cloud/wp-admin/themes.php?page=starter-templates&ast-disable-activation-notice" "Mozilla/5.0 (X11; Ubuntu; Linux x86_64; rv:92.0) Gecko/20100101 Firefox/92.0"
41.249.84.5 - - [16/Sep/2021:17:43:34 +0100] "POST /wp-admin/admin-ajax.php HTTP/2.0" 200 47 "https://www.vmachine.cloud/wp-admin/themes.php?page=starter-templates&ast-disable-activation-notice" "Mozilla/5.0 (X11; Ubuntu; Linux x86_64; rv:92.0) Gecko/20100101 Firefox/92.0"
41.249.84.5 - - [16/Sep/2021:17:44:34 +0100] "POST /wp-admin/admin-ajax.php HTTP/2.0" 200 47 "https://www.vmachine.cloud/wp-admin/themes.php?page=starter-templates&ast-disable-activation-notice" "Mozilla/5.0 (X11; Ubuntu; Linux x86_64; rv:92.0) Gecko/20100101 Firefox/92.0"
41.249.84.5 - - [16/Sep/2021:17:45:34 +0100] "POST /wp-admin/admin-ajax.php HTTP/2.0" 200 47 "https://www.vmachine.cloud/wp-admin/themes.php?page=starter-templates&ast-disable-activation-notice" "Mozilla/5.0 (X11; Ubuntu; Linux x86_64; rv:92.0) Gecko/20100101 Firefox/92.0"
41.249.84.5 - - [16/Sep/2021:17:46:34 +0100] "POST /wp-admin/admin-ajax.php HTTP/2.0" 200 47 "https://www.vmachine.cloud/wp-admin/themes.php?page=starter-templates&ast-disable-activation-notice" "Mozilla/5.0 (X11; Ubuntu; Linux x86_64; rv:92.0) Gecko/20100101 Firefox/92.0"
188.152.25.115 - - [16/Sep/2021:17:47:21 +0100] "GET / HTTP/1.0" 301 162 "-" "-"
188.152.25.115 - - [16/Sep/2021:17:47:24 +0100] "GET / HTTP/1.0" 301 162 "-" "-"
41.249.84.5 - - [16/Sep/2021:17:47:34 +0100] "POST /wp-admin/admin-ajax.php HTTP/2.0" 200 47 "https://www.vmachine.cloud/wp-admin/themes.php?page=starter-templates&ast-disable-activation-notice" "Mozilla/5.0 (X11; Ubuntu; Linux x86_64; rv:92.0) Gecko/20100101 Firefox/92.0"
115.96.157.192 - - [16/Sep/2021:17:48:26 +0100] "GET / HTTP/1.0" 301 162 "-" "-"
115.96.157.192 - - [16/Sep/2021:17:48:27 +0100] "GET / HTTP/1.0" 301 162 "-" "-"
41.249.84.5 - - [16/Sep/2021:17:48:34 +0100] "POST /wp-admin/admin-ajax.php HTTP/2.0" 200 47 "https://www.vmachine.cloud/wp-admin/themes.php?page=starter-templates&ast-disable-activation-notice" "Mozilla/5.0 (X11; Ubuntu; Linux x86_64; rv:92.0) Gecko/20100101 Firefox/92.0"
41.249.84.5 - - [16/Sep/2021:17:49:34 +0100] "POST /wp-admin/admin-ajax.php HTTP/2.0" 200 47 "https://www.vmachine.cloud/wp-admin/themes.php?page=starter-templates&ast-disable-activation-notice" "Mozilla/5.0 (X11; Ubuntu; Linux x86_64; rv:92.0) Gecko/20100101 Firefox/92.0"
41.249.84.5 - - [16/Sep/2021:17:50:34 +0100] "POST /wp-admin/admin-ajax.php HTTP/2.0" 200 47 "https://www.vmachine.cloud/wp-admin/themes.php?page=starter-templates&ast-disable-activation-notice" "Mozilla/5.0 (X11; Ubuntu; Linux x86_64; rv:92.0) Gecko/20100101 Firefox/92.0"
41.249.84.5 - - [16/Sep/2021:17:51:34 +0100] "POST /wp-admin/admin-ajax.php HTTP/2.0" 200 47 "https://www.vmachine.cloud/wp-admin/themes.php?page=starter-templates&ast-disable-activation-notice" "Mozilla/5.0 (X11; Ubuntu; Linux x86_64; rv:92.0) Gecko/20100101 Firefox/92.0"
41.249.84.5 - - [16/Sep/2021:17:52:34 +0100] "POST /wp-admin/admin-ajax.php HTTP/2.0" 200 47 "https://www.vmachine.cloud/wp-admin/themes.php?page=starter-templates&ast-disable-activation-notice" "Mozilla/5.0 (X11; Ubuntu; Linux x86_64; rv:92.0) Gecko/20100101 Firefox/92.0"
77.247.108.81 - - [16/Sep/2021:17:53:17 +0100] "GET /recordings/theme/main.css HTTP/1.1" 400 150 "-" "gbrmss/7.29.0"
41.249.84.5 - - [16/Sep/2021:17:53:34 +0100] "POST /wp-admin/admin-ajax.php HTTP/2.0" 200 47 "https://www.vmachine.cloud/wp-admin/themes.php?page=starter-templates&ast-disable-activation-notice" "Mozilla/5.0 (X11; Ubuntu; Linux x86_64; rv:92.0) Gecko/20100101 Firefox/92.0"
41.249.84.5 - - [16/Sep/2021:17:54:34 +0100] "POST /wp-admin/admin-ajax.php HTTP/2.0" 200 47 "https://www.vmachine.cloud/wp-admin/themes.php?page=starter-templates&ast-disable-activation-notice" "Mozilla/5.0 (X11; Ubuntu; Linux x86_64; rv:92.0) Gecko/20100101 Firefox/92.0"
41.249.84.5 - - [16/Sep/2021:17:55:34 +0100] "POST /wp-admin/admin-ajax.php HTTP/2.0" 200 47 "https://www.vmachine.cloud/wp-admin/themes.php?page=starter-templates&ast-disable-activation-notice" "Mozilla/5.0 (X11; Ubuntu; Linux x86_64; rv:92.0) Gecko/20100101 Firefox/92.0"
41.249.84.5 - - [16/Sep/2021:17:56:34 +0100] "POST /wp-admin/admin-ajax.php HTTP/2.0" 200 47 "https://www.vmachine.cloud/wp-admin/themes.php?page=starter-templates&ast-disable-activation-notice" "Mozilla/5.0 (X11; Ubuntu; Linux x86_64; rv:92.0) Gecko/20100101 Firefox/92.0"
41.249.84.5 - - [16/Sep/2021:17:57:34 +0100] "POST /wp-admin/admin-ajax.php HTTP/2.0" 200 47 "https://www.vmachine.cloud/wp-admin/themes.php?page=starter-templates&ast-disable-activation-notice" "Mozilla/5.0 (X11; Ubuntu; Linux x86_64; rv:92.0) Gecko/20100101 Firefox/92.0"
41.249.84.5 - - [16/Sep/2021:17:58:35 +0100] "POST /wp-admin/admin-ajax.php HTTP/2.0" 200 47 "https://www.vmachine.cloud/wp-admin/themes.php?page=starter-templates&ast-disable-activation-notice" "Mozilla/5.0 (X11; Ubuntu; Linux x86_64; rv:92.0) Gecko/20100101 Firefox/92.0"
41.249.84.5 - - [16/Sep/2021:17:59:34 +0100] "POST /wp-admin/admin-ajax.php HTTP/2.0" 200 47 "https://www.vmachine.cloud/wp-admin/themes.php?page=starter-templates&ast-disable-activation-notice" "Mozilla/5.0 (X11; Ubuntu; Linux x86_64; rv:92.0) Gecko/20100101 Firefox/92.0"
41.249.84.5 - - [16/Sep/2021:18:00:34 +0100] "POST /wp-admin/admin-ajax.php HTTP/2.0" 200 47 "https://www.vmachine.cloud/wp-admin/themes.php?page=starter-templates&ast-disable-activation-notice" "Mozilla/5.0 (X11; Ubuntu; Linux x86_64; rv:92.0) Gecko/20100101 Firefox/92.0"
41.249.84.5 - - [16/Sep/2021:18:01:46 +0100] "POST /wp-admin/admin-ajax.php HTTP/2.0" 200 0 "https://www.vmachine.cloud/wp-admin/themes.php?page=starter-templates&ast-disable-activation-notice" "Mozilla/5.0 (X11; Ubuntu; Linux x86_64; rv:92.0) Gecko/20100101 Firefox/92.0"
41.249.84.5 - - [16/Sep/2021:18:01:46 +0100] "POST /wp-admin/admin-ajax.php HTTP/2.0" 200 0 "https://www.vmachine.cloud/wp-admin/themes.php?page=starter-templates&ast-disable-activation-notice" "Mozilla/5.0 (X11; Ubuntu; Linux x86_64; rv:92.0) Gecko/20100101 Firefox/92.0"
41.249.84.5 - - [16/Sep/2021:18:01:46 +0100] "POST /wp-admin/admin-ajax.php HTTP/2.0" 200 0 "https://www.vmachine.cloud/wp-admin/themes.php?page=starter-templates&ast-disable-activation-notice" "Mozilla/5.0 (X11; Ubuntu; Linux x86_64; rv:92.0) Gecko/20100101 Firefox/92.0"
41.249.84.5 - - [16/Sep/2021:18:01:46 +0100] "POST /wp-admin/admin-ajax.php HTTP/2.0" 200 524288 "https://www.vmachine.cloud/wp-admin/themes.php?page=starter-templates&ast-disable-activation-notice" "Mozilla/5.0 (X11; Ubuntu; Linux x86_64; rv:92.0) Gecko/20100101 Firefox/92.0"
41.249.84.5 - - [16/Sep/2021:18:01:46 +0100] "GET /wp-admin/themes.php?page=starter-templates&ast-disable-activation-notice HTTP/2.0" 499 0 "https://www.vmachine.cloud/wp-admin/themes.php?page=astra" "Mozilla/5.0 (X11; Ubuntu; Linux x86_64; rv:92.0) Gecko/20100101 Firefox/92.0"
35.206.70.155 - - [16/Sep/2021:18:01:47 +0100] "POST /wp-cron.php?doing_wp_cron=1631811707.4758000373840332031250 HTTP/1.1" 200 0 "https://www.vmachine.cloud/wp-cron.php?doing_wp_cron=1631811707.4758000373840332031250" "WordPress/5.8.1; https://www.vmachine.cloud"
41.249.84.5 - - [16/Sep/2021:18:01:47 +0100] "POST /wp-admin/admin-ajax.php HTTP/2.0" 200 646663 "https://www.vmachine.cloud/wp-admin/themes.php?page=starter-templates&ast-disable-activation-notice" "Mozilla/5.0 (X11; Ubuntu; Linux x86_64; rv:92.0) Gecko/20100101 Firefox/92.0"
35.206.70.155 - - [16/Sep/2021:18:01:48 +0100] "POST /wp-admin/admin-ajax.php?action=wp_astra_site_importer&nonce=a27bce99ac HTTP/1.1" 499 0 "https://www.vmachine.cloud/wp-admin/admin-ajax.php?action=wp_astra_site_importer&nonce=a27bce99ac" "WordPress/5.8.1; https://www.vmachine.cloud"
35.206.70.155 - - [16/Sep/2021:18:01:48 +0100] "POST /wp-admin/admin-ajax.php?action=wp_astra_site_importer&nonce=a27bce99ac HTTP/1.1" 499 0 "https://www.vmachine.cloud/wp-admin/admin-ajax.php?action=wp_astra_site_importer&nonce=a27bce99ac" "WordPress/5.8.1; https://www.vmachine.cloud"
41.249.84.5 - - [16/Sep/2021:18:01:48 +0100] "GET /wp-admin/themes.php?page=starter-templates&ast-disable-activation-notice= HTTP/2.0" 200 80209 "https://www.vmachine.cloud/wp-admin/themes.php?page=astra" "Mozilla/5.0 (X11; Ubuntu; Linux x86_64; rv:92.0) Gecko/20100101 Firefox/92.0"
35.206.70.155 - - [16/Sep/2021:18:01:48 +0100] "POST /wp-cron.php?doing_wp_cron=1631811707.4781720638275146484375 HTTP/1.1" 499 0 "https://www.vmachine.cloud/wp-cron.php?doing_wp_cron=1631811707.4781720638275146484375" "WordPress/5.8.1; https://www.vmachine.cloud"
41.249.84.5 - - [16/Sep/2021:18:01:49 +0100] "GET /wp-content/plugins/astra-sites/inc/assets/css/import-status.css?ver=2.6.22 HTTP/2.0" 200 689 "https://www.vmachine.cloud/wp-admin/themes.php?page=starter-templates&ast-disable-activation-notice=" "Mozilla/5.0 (X11; Ubuntu; Linux x86_64; rv:92.0) Gecko/20100101 Firefox/92.0"
41.249.84.5 - - [16/Sep/2021:18:01:49 +0100] "GET /wp-content/plugins/astra-sites/assets/css/admin.css?ver=1 HTTP/2.0" 200 548 "https://www.vmachine.cloud/wp-admin/themes.php?page=starter-templates&ast-disable-activation-notice=" "Mozilla/5.0 (X11; Ubuntu; Linux x86_64; rv:92.0) Gecko/20100101 Firefox/92.0"
41.249.84.5 - - [16/Sep/2021:18:01:49 +0100] "GET /wp-admin/load-scripts.php?c=0&load%5Bchunk_0%5D=jquery-core,jquery-migrate,utils&ver=5.8.1 HTTP/2.0" 304 0 "https://www.vmachine.cloud/wp-admin/themes.php?page=starter-templates&ast-disable-activation-notice=" "Mozilla/5.0 (X11; Ubuntu; Linux x86_64; rv:92.0) Gecko/20100101 Firefox/92.0"
41.249.84.5 - - [16/Sep/2021:18:01:49 +0100] "GET /wp-content/plugins/astra-sites/inc/assets/css/install-theme.css?ver=2.6.22 HTTP/2.0" 200 261 "https://www.vmachine.cloud/wp-admin/themes.php?page=starter-templates&ast-disable-activation-notice=" "Mozilla/5.0 (X11; Ubuntu; Linux x86_64; rv:92.0) Gecko/20100101 Firefox/92.0"
41.249.84.5 - - [16/Sep/2021:18:01:49 +0100] "GET /wp-content/plugins/astra-sites/inc/assets/css/admin.css?ver=1 HTTP/2.0" 200 11630 "https://www.vmachine.cloud/wp-admin/themes.php?page=starter-templates&ast-disable-activation-notice=" "Mozilla/5.0 (X11; Ubuntu; Linux x86_64; rv:92.0) Gecko/20100101 Firefox/92.0"
41.249.84.5 - - [16/Sep/2021:18:01:50 +0100] "GET /wp-admin/load-scripts.php?c=0&load%5Bchunk_0%5D=hoverIntent,regenerator-runtime,wp-polyfill,wp-hooks&ver=5.8.1 HTTP/2.0" 304 0 "https://www.vmachine.cloud/wp-admin/themes.php?page=starter-templates&ast-disable-activation-notice=" "Mozilla/5.0 (X11; Ubuntu; Linux x86_64; rv:92.0) Gecko/20100101 Firefox/92.0"
41.249.84.5 - - [16/Sep/2021:18:01:50 +0100] "GET /wp-includes/js/dist/i18n.min.js?ver=5f1269854226b4dd90450db411a12b79 HTTP/2.0" 200 3858 "https://www.vmachine.cloud/wp-admin/themes.php?page=starter-templates&ast-disable-activation-notice=" "Mozilla/5.0 (X11; Ubuntu; Linux x86_64; rv:92.0) Gecko/20100101 Firefox/92.0"
41.249.84.5 - - [16/Sep/2021:18:01:50 +0100] "GET /wp-content/plugins/astra-sites/inc/lib/bsf-quick-links/quicklink.css?ver=1.0.0 HTTP/2.0" 200 717 "https://www.vmachine.cloud/wp-admin/themes.php?page=starter-templates&ast-disable-activation-notice=" "Mozilla/5.0 (X11; Ubuntu; Linux x86_64; rv:92.0) Gecko/20100101 Firefox/92.0"
41.249.84.5 - - [16/Sep/2021:18:01:50 +0100] "GET /wp-admin/js/common.min.js?ver=5.8.1 HTTP/2.0" 200 6520 "https://www.vmachine.cloud/wp-admin/themes.php?page=starter-templates&ast-disable-activation-notice=" "Mozilla/5.0 (X11; Ubuntu; Linux x86_64; rv:92.0) Gecko/20100101 Firefox/92.0"
41.249.84.5 - - [16/Sep/2021:18:01:50 +0100] "GET /wp-includes/js/underscore.min.js?ver=1.13.1 HTTP/2.0" 200 7319 "https://www.vmachine.cloud/wp-admin/themes.php?page=starter-templates&ast-disable-activation-notice=" "Mozilla/5.0 (X11; Ubuntu; Linux x86_64; rv:92.0) Gecko/20100101 Firefox/92.0"
41.249.84.5 - - [16/Sep/2021:18:01:50 +0100] "GET /wp-includes/js/wp-util.min.js?ver=5.8.1 HTTP/2.0" 200 705 "https://www.vmachine.cloud/wp-admin/themes.php?page=starter-templates&ast-disable-activation-notice=" "Mozilla/5.0 (X11; Ubuntu; Linux x86_64; rv:92.0) Gecko/20100101 Firefox/92.0"
41.249.84.5 - - [16/Sep/2021:18:01:50 +0100] "GET /wp-includes/js/dist/a11y.min.js?ver=0ac8327cc1c40dcfdf29716affd7ac63 HTTP/2.0" 200 1156 "https://www.vmachine.cloud/wp-admin/themes.php?page=starter-templates&ast-disable-activation-notice=" "Mozilla/5.0 (X11; Ubuntu; Linux x86_64; rv:92.0) Gecko/20100101 Firefox/92.0"
41.249.84.5 - - [16/Sep/2021:18:01:50 +0100] "GET /wp-includes/js/hoverintent-js.min.js?ver=2.2.1 HTTP/2.0" 200 718 "https://www.vmachine.cloud/wp-admin/themes.php?page=starter-templates&ast-disable-activation-notice=" "Mozilla/5.0 (X11; Ubuntu; Linux x86_64; rv:92.0) Gecko/20100101 Firefox/92.0"
41.249.84.5 - - [16/Sep/2021:18:01:50 +0100] "GET /wp-includes/js/dist/dom-ready.min.js?ver=71883072590656bf22c74c7b887df3dd HTTP/2.0" 200 604 "https://www.vmachine.cloud/wp-admin/themes.php?page=starter-templates&ast-disable-activation-notice=" "Mozilla/5.0 (X11; Ubuntu; Linux x86_64; rv:92.0) Gecko/20100101 Firefox/92.0"
41.249.84.5 - - [16/Sep/2021:18:01:50 +0100] "GET /wp-includes/js/wp-sanitize.min.js?ver=5.8.1 HTTP/2.0" 200 282 "https://www.vmachine.cloud/wp-admin/themes.php?page=starter-templates&ast-disable-activation-notice=" "Mozilla/5.0 (X11; Ubuntu; Linux x86_64; rv:92.0) Gecko/20100101 Firefox/92.0"
41.249.84.5 - - [16/Sep/2021:18:01:50 +0100] "GET /wp-includes/js/wp-auth-check.min.js?ver=5.8.1 HTTP/2.0" 200 773 "https://www.vmachine.cloud/wp-admin/themes.php?page=starter-templates&ast-disable-activation-notice=" "Mozilla/5.0 (X11; Ubuntu; Linux x86_64; rv:92.0) Gecko/20100101 Firefox/92.0"
41.249.84.5 - - [16/Sep/2021:18:01:50 +0100] "GET /wp-includes/js/admin-bar.min.js?ver=5.8.1 HTTP/2.0" 200 1391 "https://www.vmachine.cloud/wp-admin/themes.php?page=starter-templates&ast-disable-activation-notice=" "Mozilla/5.0 (X11; Ubuntu; Linux x86_64; rv:92.0) Gecko/20100101 Firefox/92.0"
41.249.84.5 - - [16/Sep/2021:18:01:50 +0100] "GET /wp-admin/js/svg-painter.js?ver=5.8.1 HTTP/2.0" 200 2125 "https://www.vmachine.cloud/wp-admin/themes.php?page=starter-templates&ast-disable-activation-notice=" "Mozilla/5.0 (X11; Ubuntu; Linux x86_64; rv:92.0) Gecko/20100101 Firefox/92.0"
41.249.84.5 - - [16/Sep/2021:18:01:50 +0100] "GET /wp-includes/js/heartbeat.min.js?ver=5.8.1 HTTP/2.0" 200 2018 "https://www.vmachine.cloud/wp-admin/themes.php?page=starter-templates&ast-disable-activation-notice=" "Mozilla/5.0 (X11; Ubuntu; Linux x86_64; rv:92.0) Gecko/20100101 Firefox/92.0"
41.249.84.5 - - [16/Sep/2021:18:01:50 +0100] "GET /wp-content/plugins/astra-sites/inc/assets/js/history.js?ver=2.6.22 HTTP/2.0" 200 4797 "https://www.vmachine.cloud/wp-admin/themes.php?page=starter-templates&ast-disable-activation-notice=" "Mozilla/5.0 (X11; Ubuntu; Linux x86_64; rv:92.0) Gecko/20100101 Firefox/92.0"
41.249.84.5 - - [16/Sep/2021:18:01:50 +0100] "GET /wp-admin/js/updates.min.js?ver=5.8.1 HTTP/2.0" 200 8954 "https://www.vmachine.cloud/wp-admin/themes.php?page=starter-templates&ast-disable-activation-notice=" "Mozilla/5.0 (X11; Ubuntu; Linux x86_64; rv:92.0) Gecko/20100101 Firefox/92.0"
41.249.84.5 - - [16/Sep/2021:18:01:50 +0100] "GET /wp-includes/js/jquery/ui/autocomplete.min.js?ver=1.12.1 HTTP/2.0" 200 2875 "https://www.vmachine.cloud/wp-admin/themes.php?page=starter-templates&ast-disable-activation-notice=" "Mozilla/5.0 (X11; Ubuntu; Linux x86_64; rv:92.0) Gecko/20100101 Firefox/92.0"
41.249.84.5 - - [16/Sep/2021:18:01:50 +0100] "GET /wp-content/plugins/astra-sites/inc/assets/js/fetch.umd.js?ver=2.6.22 HTTP/2.0" 200 3999 "https://www.vmachine.cloud/wp-admin/themes.php?page=starter-templates&ast-disable-activation-notice=" "Mozilla/5.0 (X11; Ubuntu; Linux x86_64; rv:92.0) Gecko/20100101 Firefox/92.0"
41.249.84.5 - - [16/Sep/2021:18:01:50 +0100] "GET /wp-content/plugins/astra-sites/inc/assets/js/astra-sites-api.js?ver=2.6.22 HTTP/2.0" 200 591 "https://www.vmachine.cloud/wp-admin/themes.php?page=starter-templates&ast-disable-activation-notice=" "Mozilla/5.0 (X11; Ubuntu; Linux x86_64; rv:92.0) Gecko/20100101 Firefox/92.0"
41.249.84.5 - - [16/Sep/2021:18:01:50 +0100] "GET /wp-includes/js/jquery/ui/menu.min.js?ver=1.12.1 HTTP/2.0" 200 2860 "https://www.vmachine.cloud/wp-admin/themes.php?page=starter-templates&ast-disable-activation-notice=" "Mozilla/5.0 (X11; Ubuntu; Linux x86_64; rv:92.0) Gecko/20100101 Firefox/92.0"
41.249.84.5 - - [16/Sep/2021:18:01:50 +0100] "GET /wp-includes/js/jquery/ui/core.min.js?ver=1.12.1 HTTP/2.0" 200 6865 "https://www.vmachine.cloud/wp-admin/themes.php?page=starter-templates&ast-disable-activation-notice=" "Mozilla/5.0 (X11; Ubuntu; Linux x86_64; rv:92.0) Gecko/20100101 Firefox/92.0"
41.249.84.5 - - [16/Sep/2021:18:01:51 +0100] "GET /wp-content/plugins/astra-sites/inc/assets/js/install-theme.js?ver=2.6.22 HTTP/2.0" 200 951 "https://www.vmachine.cloud/wp-admin/themes.php?page=starter-templates&ast-disable-activation-notice=" "Mozilla/5.0 (X11; Ubuntu; Linux x86_64; rv:92.0) Gecko/20100101 Firefox/92.0"
41.249.84.5 - - [16/Sep/2021:18:01:51 +0100] "GET /wp-content/plugins/astra-sites/inc/lib/bsf-quick-links/quicklinks.js?ver=1.0.0 HTTP/2.0" 200 620 "https://www.vmachine.cloud/wp-admin/themes.php?page=starter-templates&ast-disable-activation-notice=" "Mozilla/5.0 (X11; Ubuntu; Linux x86_64; rv:92.0) Gecko/20100101 Firefox/92.0"
41.249.84.5 - - [16/Sep/2021:18:01:51 +0100] "GET /wp-content/plugins/astra-sites/assets/js/admin.js?ver=2.6.22 HTTP/2.0" 200 530 "https://www.vmachine.cloud/wp-admin/themes.php?page=starter-templates&ast-disable-activation-notice=" "Mozilla/5.0 (X11; Ubuntu; Linux x86_64; rv:92.0) Gecko/20100101 Firefox/92.0"
41.249.84.5 - - [16/Sep/2021:18:01:51 +0100] "GET /wp-includes/js/wp-emoji-release.min.js?ver=5.8.1 HTTP/2.0" 200 4930 "https://www.vmachine.cloud/wp-admin/themes.php?page=starter-templates&ast-disable-activation-notice=" "Mozilla/5.0 (X11; Ubuntu; Linux x86_64; rv:92.0) Gecko/20100101 Firefox/92.0"
41.249.84.5 - - [16/Sep/2021:18:01:51 +0100] "GET /wp-content/plugins/astra-sites/inc/assets/js/admin-page.js?ver=2.6.22 HTTP/2.0" 200 23199 "https://www.vmachine.cloud/wp-admin/themes.php?page=starter-templates&ast-disable-activation-notice=" "Mozilla/5.0 (X11; Ubuntu; Linux x86_64; rv:92.0) Gecko/20100101 Firefox/92.0"
41.249.84.5 - - [16/Sep/2021:18:01:51 +0100] "GET /wp-content/plugins/astra-sites/inc/assets/images/logo.svg HTTP/2.0" 200 2605 "https://www.vmachine.cloud/wp-admin/themes.php?page=starter-templates&ast-disable-activation-notice" "Mozilla/5.0 (X11; Ubuntu; Linux x86_64; rv:92.0) Gecko/20100101 Firefox/92.0"
41.249.84.5 - - [16/Sep/2021:18:01:51 +0100] "GET /wp-content/plugins/astra-sites/inc/assets/images/block-editor.png HTTP/2.0" 304 0 "https://www.vmachine.cloud/wp-admin/themes.php?page=starter-templates&ast-disable-activation-notice" "Mozilla/5.0 (X11; Ubuntu; Linux x86_64; rv:92.0) Gecko/20100101 Firefox/92.0"
41.249.84.5 - - [16/Sep/2021:18:01:51 +0100] "GET /wp-content/plugins/astra-sites/inc/assets/images/elementor.jpg HTTP/2.0" 304 0 "https://www.vmachine.cloud/wp-admin/themes.php?page=starter-templates&ast-disable-activation-notice" "Mozilla/5.0 (X11; Ubuntu; Linux x86_64; rv:92.0) Gecko/20100101 Firefox/92.0"
41.249.84.5 - - [16/Sep/2021:18:01:51 +0100] "GET /wp-content/plugins/astra-sites/inc/assets/images/beaver-builder.jpg HTTP/2.0" 304 0 "https://www.vmachine.cloud/wp-admin/themes.php?page=starter-templates&ast-disable-activation-notice" "Mozilla/5.0 (X11; Ubuntu; Linux x86_64; rv:92.0) Gecko/20100101 Firefox/92.0"
41.249.84.5 - - [16/Sep/2021:18:01:51 +0100] "GET /wp-content/plugins/astra-sites/inc/assets/images/brizy.jpg HTTP/2.0" 200 4123 "https://www.vmachine.cloud/wp-admin/themes.php?page=starter-templates&ast-disable-activation-notice" "Mozilla/5.0 (X11; Ubuntu; Linux x86_64; rv:92.0) Gecko/20100101 Firefox/92.0"
41.249.84.5 - - [16/Sep/2021:18:01:51 +0100] "GET /wp-content/plugins/astra-sites/inc/assets/images/quick-link-logo.svg HTTP/2.0" 200 803 "https://www.vmachine.cloud/wp-admin/themes.php?page=starter-templates&ast-disable-activation-notice" "Mozilla/5.0 (X11; Ubuntu; Linux x86_64; rv:92.0) Gecko/20100101 Firefox/92.0"
41.249.84.5 - - [16/Sep/2021:18:01:51 +0100] "GET /wp-content/plugins/astra-sites/inc/assets/fonts/astra-sites.ttf?9i8jex HTTP/2.0" 200 2352 "https://www.vmachine.cloud/wp-content/plugins/astra-sites/inc/assets/css/admin.css?ver=1" "Mozilla/5.0 (X11; Ubuntu; Linux x86_64; rv:92.0) Gecko/20100101 Firefox/92.0"
41.249.84.5 - - [16/Sep/2021:18:01:52 +0100] "GET /wp-content/plugins/astra-sites/inc/assets/images/premium-crown.svg HTTP/2.0" 200 1084 "https://www.vmachine.cloud/wp-admin/themes.php?page=starter-templates&ast-disable-activation-notice" "Mozilla/5.0 (X11; Ubuntu; Linux x86_64; rv:92.0) Gecko/20100101 Firefox/92.0"
41.249.84.5 - - [16/Sep/2021:18:01:54 +0100] "GET /favicon.ico HTTP/2.0" 404 235 "https://www.vmachine.cloud/wp-admin/themes.php?page=starter-templates&ast-disable-activation-notice" "Mozilla/5.0 (X11; Ubuntu; Linux x86_64; rv:92.0) Gecko/20100101 Firefox/92.0"
41.249.84.5 - - [16/Sep/2021:18:01:54 +0100] "GET /wp-admin/install.php HTTP/2.0" 499 0 "https://www.vmachine.cloud/wp-admin/themes.php?page=starter-templates&ast-disable-activation-notice" "Mozilla/5.0 (X11; Ubuntu; Linux x86_64; rv:92.0) Gecko/20100101 Firefox/92.0"
41.249.84.5 - - [16/Sep/2021:18:01:59 +0100] "POST /wp-admin/admin-ajax.php HTTP/2.0" 200 202718 "https://www.vmachine.cloud/wp-admin/themes.php?page=starter-templates&ast-disable-activation-notice=&astra-site=id-17988&astra-page=id-34092" "Mozilla/5.0 (X11; Ubuntu; Linux x86_64; rv:92.0) Gecko/20100101 Firefox/92.0"
41.249.84.5 - - [16/Sep/2021:18:02:01 +0100] "POST /wp-admin/admin-ajax.php HTTP/2.0" 200 625 "https://www.vmachine.cloud/wp-admin/themes.php?page=starter-templates&ast-disable-activation-notice=&astra-site=id-17988&astra-page=id-34092" "Mozilla/5.0 (X11; Ubuntu; Linux x86_64; rv:92.0) Gecko/20100101 Firefox/92.0"
41.249.84.5 - - [16/Sep/2021:18:02:06 +0100] "POST /wp-admin/admin-ajax.php HTTP/2.0" 200 79 "https://www.vmachine.cloud/wp-admin/themes.php?page=starter-templates&ast-disable-activation-notice=&astra-site=id-17988&astra-page=id-34092" "Mozilla/5.0 (X11; Ubuntu; Linux x86_64; rv:92.0) Gecko/20100101 Firefox/92.0"
41.249.84.5 - - [16/Sep/2021:18:02:08 +0100] "POST /wp-admin/admin-ajax.php HTTP/2.0" 200 240 "https://www.vmachine.cloud/wp-admin/themes.php?page=starter-templates&ast-disable-activation-notice=&astra-site=id-17988&astra-page=id-34092" "Mozilla/5.0 (X11; Ubuntu; Linux x86_64; rv:92.0) Gecko/20100101 Firefox/92.0"
41.249.84.5 - - [16/Sep/2021:18:02:10 +0100] "POST /wp-admin/admin-ajax.php HTTP/2.0" 200 69 "https://www.vmachine.cloud/wp-admin/themes.php?page=starter-templates&ast-disable-activation-notice=&astra-site=id-17988&astra-page=id-34092" "Mozilla/5.0 (X11; Ubuntu; Linux x86_64; rv:92.0) Gecko/20100101 Firefox/92.0"
41.249.84.5 - - [16/Sep/2021:18:02:11 +0100] "POST /wp-admin/admin-ajax.php HTTP/2.0" 200 232 "https://www.vmachine.cloud/wp-admin/themes.php?page=starter-templates&ast-disable-activation-notice=&astra-site=id-17988&astra-page=id-34092" "Mozilla/5.0 (X11; Ubuntu; Linux x86_64; rv:92.0) Gecko/20100101 Firefox/92.0"
45.83.66.163 - - [16/Sep/2021:18:02:11 +0100] "GET / HTTP/1.1" 200 12526 "-" "Mozilla/5.0 (Windows NT 10.0; Win64; x64; rv:65.0) Gecko/20100101 Firefox/65.0"
41.249.84.5 - - [16/Sep/2021:18:02:13 +0100] "POST /wp-admin/admin-ajax.php HTTP/2.0" 200 69 "https://www.vmachine.cloud/wp-admin/themes.php?page=starter-templates&ast-disable-activation-notice=&astra-site=id-17988&astra-page=id-34092" "Mozilla/5.0 (X11; Ubuntu; Linux x86_64; rv:92.0) Gecko/20100101 Firefox/92.0"
41.249.84.5 - - [16/Sep/2021:18:02:14 +0100] "POST /wp-admin/admin-ajax.php HTTP/2.0" 200 301 "https://www.vmachine.cloud/wp-admin/themes.php?page=starter-templates&ast-disable-activation-notice=&astra-site=id-17988&astra-page=id-34092" "Mozilla/5.0 (X11; Ubuntu; Linux x86_64; rv:92.0) Gecko/20100101 Firefox/92.0"
41.249.84.5 - - [16/Sep/2021:18:02:16 +0100] "POST /wp-admin/admin-ajax.php HTTP/2.0" 200 69 "https://www.vmachine.cloud/wp-admin/themes.php?page=starter-templates&ast-disable-activation-notice=&astra-site=id-17988&astra-page=id-34092" "Mozilla/5.0 (X11; Ubuntu; Linux x86_64; rv:92.0) Gecko/20100101 Firefox/92.0"
41.249.84.5 - - [16/Sep/2021:18:02:17 +0100] "POST /wp-admin/admin-ajax.php HTTP/2.0" 200 52 "https://www.vmachine.cloud/wp-admin/themes.php?page=starter-templates&ast-disable-activation-notice=&astra-site=id-17988&astra-page=id-34092" "Mozilla/5.0 (X11; Ubuntu; Linux x86_64; rv:92.0) Gecko/20100101 Firefox/92.0"
41.249.84.5 - - [16/Sep/2021:18:02:18 +0100] "POST /wp-admin/admin-ajax.php HTTP/2.0" 200 312 "https://www.vmachine.cloud/wp-admin/themes.php?page=starter-templates&ast-disable-activation-notice=&astra-site=id-17988&astra-page=id-34092" "Mozilla/5.0 (X11; Ubuntu; Linux x86_64; rv:92.0) Gecko/20100101 Firefox/92.0"
41.249.84.5 - - [16/Sep/2021:18:02:20 +0100] "POST /wp-admin/admin-ajax.php HTTP/2.0" 200 69 "https://www.vmachine.cloud/wp-admin/themes.php?page=starter-templates&ast-disable-activation-notice=&astra-site=id-17988&astra-page=id-34092" "Mozilla/5.0 (X11; Ubuntu; Linux x86_64; rv:92.0) Gecko/20100101 Firefox/92.0"
